Archive member included to satisfy reference by file (symbol)

libs/ns-nnsp.a(nn_speech.o)   build/src/seCntrlClass.o (NNSPClass_init)
libs/ns-nnsp.a(neural_nets.o)
                              libs/ns-nnsp.a(nn_speech.o) (NeuralNetClass_init)
libs/ns-nnsp.a(window_stft_coef_w480_h160.o)
                              build/src/def_nn3_se_new.o (stft_win_coeff_w480_h160)
libs/ns-nnsp.a(activation.o)  build/src/def_nn3_se_new.o (tanh_fix)
libs/ns-nnsp.a(affine.o)      build/src/def_nn3_se_new.o (fc_8x16)
libs/ns-nnsp.a(spectrogram_module.o)
                              libs/ns-nnsp.a(nn_speech.o) (stftModule_synthesize_arm)
libs/ns-nnsp.a(lstm.o)        build/src/def_nn3_se_new.o (lstm_8x16)
libs/ns-nnsp.a(feature_module.o)
                              libs/ns-nnsp.a(nn_speech.o) (FeatureClass_construct)
libs/ns-nnsp.a(nnid_class.o)  libs/ns-nnsp.a(nn_speech.o) (nnidClass_get_cos)
libs/ns-nnsp.a(fft_arm.o)     libs/ns-nnsp.a(spectrogram_module.o) (arm_fft_init)
libs/ns-nnsp.a(iir.o)         libs/ns-nnsp.a(nn_speech.o) (IIR_CLASS_init)
libs/ns-nnsp.a(melSpec_coeff_nfilt22_fftsize256.o)
                              libs/ns-nnsp.a(feature_module.o) (mfltrBank_coeff_nfilt22_fftsize256)
libs/ns-nnsp.a(affine_acc32b.o)
                              libs/ns-nnsp.a(lstm.o) (rc_Krows_8x16_acc32b)
libs/ns-nnsp.a(melSpec_coeff_nfilt72_fftsize512.o)
                              libs/ns-nnsp.a(feature_module.o) (mfltrBank_coeff_nfilt72_fftsize512)
libs/ns-nnsp.a(fixlog10.o)    libs/ns-nnsp.a(feature_module.o) (log10_vec)
libs/ns-nnsp.a(melSpec_coeff_nfilt40_fftsize512.o)
                              libs/ns-nnsp.a(feature_module.o) (mfltrBank_coeff_nfilt40_fftsize512)
libs/ns-nnsp.a(melSpecProc.o)
                              libs/ns-nnsp.a(feature_module.o) (melSpecProc)
libs/ns-harness.a(ns-ambiqsuite-harness.o)
                              build/src/main_se.o (ns_itm_printf_enable)
libs/ns-peripherals.a(ns_button.o)
                              build/src/main_se.o (ns_peripheral_button_init)
libs/ns-peripherals.a(ns_power.o)
                              build/src/main_se.o (ns_power_config)
libs/ns-peripherals.a(ns_tempco.o)
                              libs/ns-peripherals.a(ns_power.o) (ns_tempco_init)
libs/ns-audio.a(ns_audio.o)   build/src/main_se.o (ns_audio_init)
libs/ns-audio.a(ns_audadc.o)  libs/ns-audio.a(ns_audio.o) (audadc_init)
libs/ns-utils.a(ns_energy_monitor.o)
                              build/src/main_se.o (ns_set_power_monitor_state)
libs/ns-utils.a(ns_malloc.o)  build/src/ns-core/heap_4.o (ucHeap)
libs/ns-utils.a(ns_timer.o)   libs/ns-peripherals.a(ns_tempco.o) (ns_timer_init)
libs/ns-rpc.a(ns_rpc_generic_data.o)
                              build/src/main_se.o (ns_rpc_genericDataOperations_init)
libs/ns-rpc.a(GenericDataOperations_EvbToPc_client.o)
                              build/src/main_se.o (ns_rpc_data_sendBlockToPC)
libs/ns-rpc.a(GenericDataOperations_PcToEvb_server.o)
                              libs/ns-rpc.a(ns_rpc_generic_data.o) (create_pc_to_evb_service)
libs/ambiqsuite.a(am_util_delay.o)
                              libs/ns-audio.a(ns_audadc.o) (am_util_delay_ms)
libs/ambiqsuite.a(am_util_stdio.o)
                              libs/ns-harness.a(ns-ambiqsuite-harness.o) (am_util_stdio_printf_init)
libs/ambiqsuite.a(rtos.o)     build/src/ns-core/heap_4.o (vApplicationMallocFailedHook)
libs/ambiqsuite.a(tasks.o)    build/src/ns-core/heap_4.o (vTaskSuspendAll)
libs/ambiqsuite.a(list.o)     libs/ambiqsuite.a(tasks.o) (vListInitialise)
libs/ambiqsuite.a(port.o)     libs/ambiqsuite.a(tasks.o) (pxPortInitialiseStack)
libs/erpc.a(erpc_client_manager.o)
                              libs/ns-rpc.a(GenericDataOperations_PcToEvb_server.o) (nestingDetection)
libs/erpc.a(erpc_client_setup.o)
                              libs/ns-rpc.a(ns_rpc_generic_data.o) (erpc_client_init)
libs/erpc.a(erpc_crc16.o)     libs/erpc.a(erpc_client_setup.o) (erpc::Crc16::Crc16())
libs/erpc.a(erpc_message_buffer.o)
                              libs/ns-rpc.a(GenericDataOperations_PcToEvb_server.o) (erpc::MessageBuffer::Cursor::set(erpc::MessageBuffer*))
libs/erpc.a(erpc_port_stdlib.o)
                              libs/ns-rpc.a(GenericDataOperations_PcToEvb_server.o) (operator delete(void*, unsigned int))
libs/erpc.a(erpc_server_setup.o)
                              libs/ns-rpc.a(ns_rpc_generic_data.o) (erpc_server_init)
libs/erpc.a(erpc_setup_mbf_dynamic.o)
                              libs/ns-rpc.a(ns_rpc_generic_data.o) (erpc_mbf_dynamic_init)
libs/erpc.a(erpc_setup_usb_cdc.o)
                              libs/ns-rpc.a(ns_rpc_generic_data.o) (erpc_transport_usb_cdc_init)
libs/erpc.a(erpc_simple_server.o)
                              libs/erpc.a(erpc_server_setup.o) (vtable for erpc::SimpleServer)
libs/erpc.a(erpc_usb_cdc_transport.o)
                              libs/erpc.a(erpc_setup_usb_cdc.o) (erpc::UsbCdcTransport::init())
libs/erpc.a(erpc_basic_codec.o)
[...]
Memory Configuration

Name             Origin             Length             Attributes
MCU_MRAM         0x00018000         0x001e8000         xr
MCU_TCM          0x10000000         0x00060000         xrw
SHARED_SRAM      0x10060000         0x00100000         xrw
*default*        0x00000000         0xffffffff

Linker script and memory map


.text           0x00018000    0x4c584
                0x00018000                . = ALIGN (0x4)
 *(.isr_vector)
 .isr_vector    0x00018000      0x190 build/src/ns-core/startup_gcc.o
                0x00018000                g_am_pfnVectors
 *(.patch)
 .patch         0x00018190       0x70 build/src/ns-core/startup_gcc.o
                0x00018190                __Patchable
 *(.text)
 .text          0x00018200      0x134 c:/program files (x86)/gnu arm embedded toolchain/10 2021.10/bin/../lib/gcc/arm-none-eabi/10.3.1/../../../../arm-none-eabi/lib/thumb/v7e-m+fp/hard\libc.a(lib_a-memcpy.o)
                0x00018200                memcpy
 *fill*         0x00018334        0xc 
 .text          0x00018340      0x2dc c:/program files (x86)/gnu arm embedded toolchain/10 2021.10/bin/../lib/gcc/arm-none-eabi/10.3.1/../../../../arm-none-eabi/lib/thumb/v7e-m+fp/hard\libc.a(lib_a-strcmp.o)
                0x00018348                strcmp
 *fill*         0x0001861c       0x24 
 .text          0x00018640       0xdc c:/program files (x86)/gnu arm embedded toolchain/10 2021.10/bin/../lib/gcc/arm-none-eabi/10.3.1/../../../../arm-none-eabi/lib/thumb/v7e-m+fp/hard\libc.a(lib_a-strlen.o)
                0x00018640                strlen
 .text          0x0001871c      0x378 c:/program files (x86)/gnu arm embedded toolchain/10 2021.10/bin/../lib/gcc/arm-none-eabi/10.3.1/thumb/v7e-m+fp/hard\libgcc.a(_arm_addsubdf3.o)
                0x0001871c                __aeabi_drsub
                0x00018724                __aeabi_dsub
                0x00018724                __subdf3
                0x00018728                __aeabi_dadd
                0x00018728                __adddf3
                0x000189a0                __floatunsidf
                0x000189a0                __aeabi_ui2d
                0x000189c0                __floatsidf
                0x000189c0                __aeabi_i2d
                0x000189e4                __aeabi_f2d
                0x000189e4                __extendsfdf2
                0x00018a28                __floatundidf
                0x00018a28                __aeabi_ul2d
                0x00018a38                __floatdidf
                0x00018a38                __aeabi_l2d
 .text          0x00018a94      0x424 c:/program files (x86)/gnu arm embedded toolchain/10 2021.10/bin/../lib/gcc/arm-none-eabi/10.3.1/thumb/v7e-m+fp/hard\libgcc.a(_arm_muldivdf3.o)
                0x00018a94                __aeabi_dmul
                0x00018a94                __muldf3
                0x00018ce8                __divdf3
                0x00018ce8                __aeabi_ddiv
 .text          0x00018eb8       0xa0 c:/program files (x86)/gnu arm embedded toolchain/10 2021.10/bin/../lib/gcc/arm-none-eabi/10.3.1/thumb/v7e-m+fp/hard\libgcc.a(_arm_truncdfsf2.o)
                0x00018eb8                __truncdfsf2
                0x00018eb8                __aeabi_d2f
 .text          0x00018f58      0x9d8 c:/program files (x86)/gnu arm embedded toolchain/10 2021.10/bin/../lib/gcc/arm-none-eabi/10.3.1/thumb/v7e-m+fp/hard\libgcc.a(unwind-arm.o)
                0x00019200                _Unwind_GetCFA
                0x00019204                __gnu_Unwind_RaiseException
                0x0001926c                __gnu_Unwind_ForcedUnwind
                0x0001927c                __gnu_Unwind_Resume
                0x000192c0                __gnu_Unwind_Resume_or_Rethrow
                0x000192d0                _Unwind_Complete
                0x000192d4                _Unwind_DeleteException
                0x000192e0                _Unwind_VRS_Get
                0x0001932c                _Unwind_VRS_Set
                0x00019374                __gnu_Unwind_Backtrace
                0x000196a0                __aeabi_unwind_cpp_pr0
                0x000196a4                __aeabi_unwind_cpp_pr1
                0x000196a8                __aeabi_unwind_cpp_pr2
                0x000196ac                _Unwind_VRS_Pop
 .text          0x00019930      0x1ac c:/program files (x86)/gnu arm embedded toolchain/10 2021.10/bin/../lib/gcc/arm-none-eabi/10.3.1/thumb/v7e-m+fp/hard\libgcc.a(libunwind.o)
                0x00019930                __restore_core_regs
                0x00019930                restore_core_regs
                0x00019948                __gnu_Unwind_Restore_VFP
                0x00019950                __gnu_Unwind_Save_VFP
                0x00019958                __gnu_Unwind_Restore_VFP_D
                0x00019960                __gnu_Unwind_Save_VFP_D
                0x00019968                __gnu_Unwind_Restore_VFP_D_16_to_31
                0x00019970                __gnu_Unwind_Save_VFP_D_16_to_31
                0x00019978                __gnu_Unwind_Restore_WMMXD
                0x000199bc                __gnu_Unwind_Save_WMMXD
                0x00019a00                __gnu_Unwind_Restore_WMMXC
                0x00019a14                __gnu_Unwind_Save_WMMXC
                0x00019a28                ___Unwind_RaiseException
                0x00019a28                _Unwind_RaiseException
                0x00019a4c                _Unwind_Resume
                0x00019a4c                ___Unwind_Resume
                0x00019a70                _Unwind_Resume_or_Rethrow
                0x00019a70                ___Unwind_Resume_or_Rethrow
                0x00019a94                _Unwind_ForcedUnwind
                0x00019a94                ___Unwind_ForcedUnwind
                0x00019ab8                ___Unwind_Backtrace
                0x00019ab8                _Unwind_Backtrace
 .text          0x00019adc      0x350 c:/program files (x86)/gnu arm embedded toolchain/10 2021.10/bin/../lib/gcc/arm-none-eabi/10.3.1/thumb/v7e-m+fp/hard\libgcc.a(pr-support.o)
                0x00019b34                __gnu_unwind_execute
                0x00019de0                __gnu_unwind_frame
                0x00019e0c                _Unwind_GetRegionStart
                0x00019e18                _Unwind_GetLanguageSpecificData
 *(.text*)
 .text.seCntrlClass_init
                0x00019e2c       0x68 build/src/seCntrlClass.o
                0x00019e2c                seCntrlClass_init
 .text.seCntrlClass_reset
                0x00019e94       0x18 build/src/seCntrlClass.o
                0x00019e94                seCntrlClass_reset
 .text.seCntrlClass_exec
                0x00019eac       0x58 build/src/seCntrlClass.o
                0x00019eac                seCntrlClass_exec
 .text.ns_core_init
                0x00019f04       0x2c build/src/ns-core/ns_core.o
                0x00019f04                ns_core_init
 .text.Reset_Handler
                0x00019f30       0x68 build/src/ns-core/startup_gcc.o
                0x00019f30                Reset_Handler
 .text.NMI_Handler
                0x00019f98        0x2 build/src/ns-core/startup_gcc.o
                0x00019f98                NMI_Handler
 .text.HardFault_Handler
                0x00019f9a        0x2 build/src/ns-core/startup_gcc.o
                0x00019f9a                UsageFault_Handler
                0x00019f9a                MemManage_Handler
                0x00019f9a                BusFault_Handler
                0x00019f9a                HardFault_Handler
 .text.am_default_isr
                0x00019f9c        0x2 build/src/ns-core/startup_gcc.o
                0x00019f9c                am_timer08_isr
                0x00019f9c                DebugMon_Handler
                0x00019f9c                am_iomaster4_isr
                0x00019f9c                am_gpio1_203f_isr
                0x00019f9c                am_timer00_isr
                0x00019f9c                am_dspi2s1_isr
                0x00019f9c                am_rtc_isr
                0x00019f9c                am_stimer_cmpr3_isr
                0x00019f9c                am_adc_isr
                0x00019f9c                am_dspi2s3_isr
                0x00019f9c                am_iomaster3_isr
                0x00019f9c                am_clkgen_isr
                0x00019f9c                am_stimerof_isr
                0x00019f9c                am_timer14_isr
                0x00019f9c                am_pdm3_isr
                0x00019f9c                am_cachecpu_isr
                0x00019f9c                am_dspi2s0_isr
                0x00019f9c                am_stimer_cmpr5_isr
                0x00019f9c                am_iomaster5_isr
                0x00019f9c                am_pdm0_isr
                0x00019f9c                am_uart_isr
                0x00019f9c                am_ctimer_isr
                0x00019f9c                am_gpio0_607f_isr
                0x00019f9c                am_gpio1_607f_isr
                0x00019f9c                am_dsi_isr
                0x00019f9c                am_gpio0_203f_isr
                0x00019f9c                am_disp_isr
                0x00019f9c                am_pdm1_isr
                0x00019f9c                am_ioslave_acc_isr
                0x00019f9c                am_mspi0_isr
                0x00019f9c                am_timer10_isr
                0x00019f9c                am_timer05_isr
                0x00019f9c                am_stimer_cmpr6_isr
                0x00019f9c                am_gpio1_405f_isr
                0x00019f9c                am_iomaster7_isr
                0x00019f9c                am_iomaster1_isr
                0x00019f9c                am_timer06_isr
                0x00019f9c                am_brownout_isr
                0x00019f9c                am_timer13_isr
                0x00019f9c                am_vcomp_isr
                0x00019f9c                am_timer07_isr
                0x00019f9c                am_cryptosec_isr
                0x00019f9c                am_uart2_isr
                0x00019f9c                am_iomaster2_isr
                0x00019f9c                am_mspi2_isr
                0x00019f9c                am_iomaster6_isr
                0x00019f9c                am_timer11_isr
                0x00019f9c                am_stimer_cmpr2_isr
                0x00019f9c                am_ioslave_ios_isr
                0x00019f9c                am_gpio0_405f_isr
                0x00019f9c                am_timer15_isr
                0x00019f9c                am_mspi1_isr
                0x00019f9c                am_uart1_isr
                0x00019f9c                am_stimer_cmpr7_isr
                0x00019f9c                am_dspi2s2_isr
                0x00019f9c                am_uart3_isr
                0x00019f9c                am_watchdog_isr
                0x00019f9c                am_timer12_isr
                0x00019f9c                am_sdio_isr
                0x00019f9c                am_iomaster0_isr
                0x00019f9c                am_timer04_isr
                0x00019f9c                am_timer09_isr
                0x00019f9c                am_stimer_cmpr4_isr
                0x00019f9c                am_default_isr
                0x00019f9c                am_pdm2_isr
                0x00019f9c                am_gpu_isr
 *fill*         0x00019f9e        0x2 
 .text.prvPortMalloc
                0x00019fa0      0x168 build/src/ns-core/heap_4.o
                0x00019fa0                prvPortMalloc
 .text.pvTasklessPortMalloc
                0x0001a108       0x18 build/src/ns-core/heap_4.o
                0x0001a108                pvTasklessPortMalloc
 .text.prvPortFree
                0x0001a120       0xa0 build/src/ns-core/heap_4.o
                0x0001a120                prvPortFree
 .text.vTasklessPortFree
                0x0001a1c0       0x16 build/src/ns-core/heap_4.o
                0x0001a1c0                vTasklessPortFree
 *fill*         0x0001a1d6        0x2 
 .text.prvHeapInit
                0x0001a1d8       0xbc build/src/ns-core/heap_4.o
 .text.prvInsertBlockIntoFreeList
                0x0001a294       0xa8 build/src/ns-core/heap_4.o
 .text._Z20audio_frame_callbackP12ns_audio_cfgt
                0x0001a33c       0xa4 build/src/main_se.o
                0x0001a33c                audio_frame_callback(ns_audio_cfg*, unsigned short)
 .text.main     0x0001a3e0      0x1c8 build/src/main_se.o
                0x0001a3e0                main
 .text.NNSPClass_init
                0x0001a5a8       0x84 libs/ns-nnsp.a(nn_speech.o)
                0x0001a5a8                NNSPClass_init
 .text.NNSPClass_reset
                0x0001a62c       0x30 libs/ns-nnsp.a(nn_speech.o)
                0x0001a62c                NNSPClass_reset
 .text.se_post_proc
                0x0001a65c       0xec libs/ns-nnsp.a(nn_speech.o)
                0x0001a65c                se_post_proc
 .text.s2i_post_proc
                0x0001a748      0x238 libs/ns-nnsp.a(nn_speech.o)
                0x0001a748                s2i_post_proc
 .text.binary_post_proc
                0x0001a980      0x160 libs/ns-nnsp.a(nn_speech.o)
                0x0001a980                binary_post_proc
 .text.NNSPClass_exec
                0x0001aae0       0xe4 libs/ns-nnsp.a(nn_speech.o)
                0x0001aae0                NNSPClass_exec
 .text.NeuralNetClass_init
                0x0001abc4        0x4 libs/ns-nnsp.a(neural_nets.o)
                0x0001abc4                NeuralNetClass_init
 .text.NeuralNetClass_setDefault
                0x0001abc8       0x74 libs/ns-nnsp.a(neural_nets.o)
                0x0001abc8                NeuralNetClass_setDefault
 .text.NeuralNetClass_exe
                0x0001ac3c      0x19c libs/ns-nnsp.a(neural_nets.o)
                0x0001ac3c                NeuralNetClass_exe
 .text.tanh_fix
                0x0001add8       0x90 libs/ns-nnsp.a(activation.o)
                0x0001add8                tanh_fix
 .text.sigmoid_fix
                0x0001ae68       0xc4 libs/ns-nnsp.a(activation.o)
                0x0001ae68                sigmoid_fix
 .text.affine_Krows_8x16
                0x0001af2c      0x67c libs/ns-nnsp.a(affine.o)
                0x0001af2c                affine_Krows_8x16
 .text.rc_Krows_8x16
                0x0001b5a8      0x528 libs/ns-nnsp.a(affine.o)
                0x0001b5a8                rc_Krows_8x16
 .text.fc_8x16  0x0001bad0      0x8f0 libs/ns-nnsp.a(affine.o)
                0x0001bad0                fc_8x16
 .text.stftModule_construct
                0x0001c3c0       0x44 libs/ns-nnsp.a(spectrogram_module.o)
                0x0001c3c0                stftModule_construct
 .text.stftModule_setDefault
                0x0001c404       0x34 libs/ns-nnsp.a(spectrogram_module.o)
                0x0001c404                stftModule_setDefault
 .text.spec2pspec_arm
                0x0001c438       0x88 libs/ns-nnsp.a(spectrogram_module.o)
                0x0001c438                spec2pspec_arm
 .text.stftModule_analyze_arm
                0x0001c4c0       0xcc libs/ns-nnsp.a(spectrogram_module.o)
                0x0001c4c0                stftModule_analyze_arm
 .text.stftModule_synthesize_arm
                0x0001c58c      0x13c libs/ns-nnsp.a(spectrogram_module.o)
                0x0001c58c                stftModule_synthesize_arm
 .text.lstm_8x16
                0x0001c6c8      0x6b4 libs/ns-nnsp.a(lstm.o)
                0x0001c6c8                lstm_8x16
 .text.FeatureClass_construct
                0x0001cd7c       0x90 libs/ns-nnsp.a(feature_module.o)
                0x0001cd7c                FeatureClass_construct
 .text.FeatureClass_setDefault
                0x0001ce0c       0xb0 libs/ns-nnsp.a(feature_module.o)
                0x0001ce0c                FeatureClass_setDefault
 .text.FeatureClass_execute
                0x0001cebc      0x174 libs/ns-nnsp.a(feature_module.o)
                0x0001cebc                FeatureClass_execute
 .text.nnidClass_get_cos
                0x0001d030      0x164 libs/ns-nnsp.a(nnid_class.o)
                0x0001d030                nnidClass_get_cos
 .text.arm_fft_init
                0x0001d194        0xc libs/ns-nnsp.a(fft_arm.o)
                0x0001d194                arm_fft_init
 .text.arm_fft_exec
                0x0001d1a0        0xc libs/ns-nnsp.a(fft_arm.o)
                0x0001d1a0                arm_fft_exec
 .text.IIR_CLASS_init
                0x0001d1ac        0xc libs/ns-nnsp.a(iir.o)
                0x0001d1ac                IIR_CLASS_init
 .text.IIR_CLASS_reset
                0x0001d1b8        0x8 libs/ns-nnsp.a(iir.o)
                0x0001d1b8                IIR_CLASS_reset
 .text.IIR_CLASS_exec
                0x0001d1c0       0x9c libs/ns-nnsp.a(iir.o)
                0x0001d1c0                IIR_CLASS_exec
 .text.my_log10
                0x0001d25c       0x98 libs/ns-nnsp.a(fixlog10.o)
                0x0001d25c                my_log10
 .text.log10_vec
                0x0001d2f4       0x34 libs/ns-nnsp.a(fixlog10.o)
                0x0001d2f4                log10_vec
 .text.melSpecProc
                0x0001d328       0x88 libs/ns-nnsp.a(melSpecProc.o)
                0x0001d328                melSpecProc
 .text.ns_itm_printf_enable
                0x0001d3b0       0x40 libs/ns-harness.a(ns-ambiqsuite-harness.o)
                0x0001d3b0                ns_itm_printf_enable
 .text.ns_cryptoless_itm_printf_disable
                0x0001d3f0       0x20 libs/ns-harness.a(ns-ambiqsuite-harness.o)
                0x0001d3f0                ns_cryptoless_itm_printf_disable
 .text.ns_lp_printf
                0x0001d410       0x70 libs/ns-harness.a(ns-ambiqsuite-harness.o)
                0x0001d410                ns_lp_printf
 .text.am_gpio0_001f_isr
                0x0001d480       0x40 libs/ns-peripherals.a(ns_button.o)
                0x0001d480                am_gpio0_001f_isr
 .text.am_gpio1_001f_isr
                0x0001d4c0       0x40 libs/ns-peripherals.a(ns_button.o)
                0x0001d4c0                am_gpio1_001f_isr
 .text.ns_peripheral_button_init
                0x0001d500       0xd0 libs/ns-peripherals.a(ns_button.o)
                0x0001d500                ns_peripheral_button_init
 .text.ns_power_down_peripherals
                0x0001d5d0      0x118 libs/ns-peripherals.a(ns_power.o)
                0x0001d5d0                ns_power_down_peripherals
 .text.ns_power_config
                0x0001d6e8       0xcc libs/ns-peripherals.a(ns_power.o)
                0x0001d6e8                ns_power_config
 .text.ns_deep_sleep
                0x0001d7b4       0x64 libs/ns-peripherals.a(ns_power.o)
                0x0001d7b4                ns_deep_sleep
 .text.ns_tempco_callback
                0x0001d818       0xc0 libs/ns-peripherals.a(ns_tempco.o)
 .text.ns_tempco_init
                0x0001d8d8       0xc0 libs/ns-peripherals.a(ns_tempco.o)
                0x0001d8d8                ns_tempco_init
 .text.ns_audio_init
                0x0001d998       0x78 libs/ns-audio.a(ns_audio.o)
                0x0001d998                ns_audio_init
 .text.audadc_config
                0x0001da10       0xd4 libs/ns-audio.a(ns_audadc.o)
                0x0001da10                audadc_config
 .text.am_audadc0_isr
                0x0001dae4       0x8c libs/ns-audio.a(ns_audadc.o)
                0x0001dae4                am_audadc0_isr
 .text.audadc_init
                0x0001db70      0x128 libs/ns-audio.a(ns_audadc.o)
                0x0001db70                audadc_init
 .text.ns_set_power_monitor_state
                0x0001dc98       0x1c libs/ns-utils.a(ns_energy_monitor.o)
                0x0001dc98                ns_set_power_monitor_state
 .text.ns_malloc
                0x0001dcb4        0x8 libs/ns-utils.a(ns_malloc.o)
                0x0001dcb4                ns_malloc
 .text.ns_free  0x0001dcbc        0x8 libs/ns-utils.a(ns_malloc.o)
                0x0001dcbc                ns_free
 .text.am_timer01_isr
                0x0001dcc4       0x28 libs/ns-utils.a(ns_timer.o)
                0x0001dcc4                am_timer01_isr
 .text.am_timer02_isr
                0x0001dcec       0x28 libs/ns-utils.a(ns_timer.o)
                0x0001dcec                am_timer02_isr
 .text.am_timer03_isr
                0x0001dd14       0x28 libs/ns-utils.a(ns_timer.o)
                0x0001dd14                am_timer03_isr
 .text.ns_timer_init
                0x0001dd3c       0xc4 libs/ns-utils.a(ns_timer.o)
                0x0001dd3c                ns_timer_init
 .text.ns_rpc_data_sendBlockToEVB
                0x0001de00       0x24 libs/ns-rpc.a(ns_rpc_generic_data.o)
                0x0001de00                ns_rpc_data_sendBlockToEVB
 .text.ns_rpc_data_fetchBlockFromEVB
                0x0001de24       0x24 libs/ns-rpc.a(ns_rpc_generic_data.o)
                0x0001de24                ns_rpc_data_fetchBlockFromEVB
 .text.ns_rpc_data_computeOnEVB
                0x0001de48       0x28 libs/ns-rpc.a(ns_rpc_generic_data.o)
                0x0001de48                ns_rpc_data_computeOnEVB
 .text.ns_rpc_genericDataOperations_init
                0x0001de70       0x50 libs/ns-rpc.a(ns_rpc_generic_data.o)
                0x0001de70                ns_rpc_genericDataOperations_init
 .text.ns_rpc_data_clientDoneWithBlockFromPC
                0x0001dec0       0x14 libs/ns-rpc.a(ns_rpc_generic_data.o)
                0x0001dec0                ns_rpc_data_clientDoneWithBlockFromPC
 .text._ZL22write_dataBlock_structPN4erpc5CodecEPK9dataBlock
                0x0001ded4       0x50 libs/ns-rpc.a(GenericDataOperations_EvbToPc_client.o)
 .text._ZL21read_dataBlock_structPN4erpc5CodecEP9dataBlock
                0x0001df24       0xa0 libs/ns-rpc.a(GenericDataOperations_EvbToPc_client.o)
 .text.ns_rpc_data_sendBlockToPC
                0x0001dfc4       0x90 libs/ns-rpc.a(GenericDataOperations_EvbToPc_client.o)
                0x0001dfc4                ns_rpc_data_sendBlockToPC
 .text.ns_rpc_data_computeOnPC
                0x0001e054       0xa4 libs/ns-rpc.a(GenericDataOperations_EvbToPc_client.o)
                0x0001e054                ns_rpc_data_computeOnPC
 .text._ZN17pc_to_evb_serviceD2Ev
                0x0001e0f8        0x4 libs/ns-rpc.a(GenericDataOperations_PcToEvb_server.o)
                0x0001e0f8                pc_to_evb_service::~pc_to_evb_service()
                0x0001e0f8                pc_to_evb_service::~pc_to_evb_service()
 .text._ZN4erpc5Codec5resetEv
                0x0001e0fc       0x14 libs/ns-rpc.a(GenericDataOperations_PcToEvb_server.o)
                0x0001e0fc                erpc::Codec::reset()
 .text._ZL21read_dataBlock_structPN4erpc5CodecEP9dataBlock
                0x0001e110       0xa0 libs/ns-rpc.a(GenericDataOperations_PcToEvb_server.o)
 .text._ZL22write_dataBlock_structPN4erpc5CodecEPK9dataBlock
                0x0001e1b0       0x50 libs/ns-rpc.a(GenericDataOperations_PcToEvb_server.o)
 .text._ZN17pc_to_evb_serviceD0Ev
                0x0001e200       0x10 libs/ns-rpc.a(GenericDataOperations_PcToEvb_server.o)
                0x0001e200                pc_to_evb_service::~pc_to_evb_service()
 .text._ZN17pc_to_evb_service31ns_rpc_data_sendBlockToEVB_shimEPN4erpc5CodecEPNS0_20MessageBufferFactoryEm
                0x0001e210      0x100 libs/ns-rpc.a(GenericDataOperations_PcToEvb_server.o)
                0x0001e210                pc_to_evb_service::ns_rpc_data_sendBlockToEVB_shim(erpc::Codec*, erpc::MessageBufferFactory*, unsigned long)
 .text._ZN17pc_to_evb_service34ns_rpc_data_fetchBlockFromEVB_shimEPN4erpc5CodecEPNS0_20MessageBufferFactoryEm
                0x0001e310       0xbc libs/ns-rpc.a(GenericDataOperations_PcToEvb_server.o)
                0x0001e310                pc_to_evb_service::ns_rpc_data_fetchBlockFromEVB_shim(erpc::Codec*, erpc::MessageBufferFactory*, unsigned long)
 .text._ZN17pc_to_evb_service29ns_rpc_data_computeOnEVB_shimEPN4erpc5CodecEPNS0_20MessageBufferFactoryEm
                0x0001e3cc      0x110 libs/ns-rpc.a(GenericDataOperations_PcToEvb_server.o)
                0x0001e3cc                pc_to_evb_service::ns_rpc_data_computeOnEVB_shim(erpc::Codec*, erpc::MessageBufferFactory*, unsigned long)
 .text._ZN17pc_to_evb_service16handleInvocationEmmPN4erpc5CodecEPNS0_20MessageBufferFactoryE
                0x0001e4dc       0x44 libs/ns-rpc.a(GenericDataOperations_PcToEvb_server.o)
                0x0001e4dc                pc_to_evb_service::handleInvocation(unsigned long, unsigned long, erpc::Codec*, erpc::MessageBufferFactory*)
 .text.create_pc_to_evb_service
                0x0001e520       0x2c libs/ns-rpc.a(GenericDataOperations_PcToEvb_server.o)
                0x0001e520                create_pc_to_evb_service
 .text.am_util_delay_ms
                0x0001e54c        0xc libs/ambiqsuite.a(am_util_delay.o)
                0x0001e54c                am_util_delay_ms
 .text.am_util_delay_us
                0x0001e558        0x4 libs/ambiqsuite.a(am_util_delay.o)
                0x0001e558                am_util_delay_us
 .text.divu64_10
                0x0001e55c       0xb8 libs/ambiqsuite.a(am_util_stdio.o)
 .text.uint64_to_str
                0x0001e614      0x104 libs/ambiqsuite.a(am_util_stdio.o)
 .text.am_util_stdio_printf_init
                0x0001e718        0xc libs/ambiqsuite.a(am_util_stdio.o)
                0x0001e718                am_util_stdio_printf_init
 .text.am_util_stdio_vsprintf
                0x0001e724      0x8f8 libs/ambiqsuite.a(am_util_stdio.o)
                0x0001e724                am_util_stdio_vsprintf
 .text.am_util_stdio_printf
                0x0001f01c       0x34 libs/ambiqsuite.a(am_util_stdio.o)
                0x0001f01c                am_util_stdio_printf
 .text.am_util_stdio_vprintf
                0x0001f050       0x30 libs/ambiqsuite.a(am_util_stdio.o)
                0x0001f050                am_util_stdio_vprintf
 .text.vApplicationMallocFailedHook
                0x0001f080        0x4 libs/ambiqsuite.a(rtos.o)
                0x0001f080                vApplicationMallocFailedHook
 .text.vApplicationStackOverflowHook
                0x0001f084        0x4 libs/ambiqsuite.a(rtos.o)
                0x0001f084                vApplicationStackOverflowHook
 .text.vTaskSwitchContext.part.0
                0x0001f088       0xc0 libs/ambiqsuite.a(tasks.o)
 .text.vTaskSuspendAll
                0x0001f148       0x10 libs/ambiqsuite.a(tasks.o)
                0x0001f148                vTaskSuspendAll
 .text.xTaskIncrementTick
                0x0001f158      0x134 libs/ambiqsuite.a(tasks.o)
                0x0001f158                xTaskIncrementTick
 .text.xTaskResumeAll.part.0
                0x0001f28c      0x120 libs/ambiqsuite.a(tasks.o)
 .text.xTaskResumeAll
                0x0001f3ac       0x10 libs/ambiqsuite.a(tasks.o)
                0x0001f3ac                xTaskResumeAll
 .text.vTaskSwitchContext
                0x0001f3bc       0x1c libs/ambiqsuite.a(tasks.o)
                0x0001f3bc                vTaskSwitchContext
 .text.vListInsertEnd
                0x0001f3d8       0x20 libs/ambiqsuite.a(list.o)
                0x0001f3d8                vListInsertEnd
 .text.uxListRemove
                0x0001f3f8       0x28 libs/ambiqsuite.a(list.o)
                0x0001f3f8                uxListRemove
 .text.SVC_Handler
                0x0001f420       0x24 libs/ambiqsuite.a(port.o)
                0x0001f420                SVC_Handler
 .text.vPortEnterCritical
                0x0001f444       0x34 libs/ambiqsuite.a(port.o)
                0x0001f444                vPortEnterCritical
 .text.vPortExitCritical
                0x0001f478       0x18 libs/ambiqsuite.a(port.o)
                0x0001f478                vPortExitCritical
 .text.PendSV_Handler
                0x0001f490       0x64 libs/ambiqsuite.a(port.o)
                0x0001f490                PendSV_Handler
 .text.SysTick_Handler
                0x0001f4f4       0x2c libs/ambiqsuite.a(port.o)
                0x0001f4f4                SysTick_Handler
 .text.xPortStimerTickHandler
                0x0001f520       0x7c libs/ambiqsuite.a(port.o)
                0x0001f520                xPortStimerTickHandler
 .text.am_stimer_cmpr0_isr
                0x0001f59c       0x20 libs/ambiqsuite.a(port.o)
                0x0001f59c                am_stimer_cmpr0_isr
 .text.am_stimer_cmpr1_isr
                0x0001f5bc       0x2c libs/ambiqsuite.a(port.o)
                0x0001f5bc                am_stimer_cmpr1_isr
 .text._ZN4erpc13ClientManagerD2Ev
                0x0001f5e8        0x4 libs/erpc.a(erpc_client_manager.o)
                0x0001f5e8                erpc::ClientManager::~ClientManager()
                0x0001f5e8                erpc::ClientManager::~ClientManager()
 .text._ZN4erpc13ClientManager14releaseRequestERNS_14RequestContextE
                0x0001f5ec       0x24 libs/erpc.a(erpc_client_manager.o)
                0x0001f5ec                erpc::ClientManager::releaseRequest(erpc::RequestContext&)
 .text._ZN4erpc5Codec9setBufferERNS_13MessageBufferE
                0x0001f610       0x1c libs/erpc.a(erpc_client_manager.o)
                0x0001f610                erpc::Codec::setBuffer(erpc::MessageBuffer&)
 .text._ZN4erpc13ClientManagerD0Ev
                0x0001f62c       0x10 libs/erpc.a(erpc_client_manager.o)
                0x0001f62c                erpc::ClientManager::~ClientManager()
 .text._ZN4erpc13ClientManager11verifyReplyERNS_14RequestContextE
                0x0001f63c       0x64 libs/erpc.a(erpc_client_manager.o)
                0x0001f63c                erpc::ClientManager::verifyReply(erpc::RequestContext&)
 .text._ZN4erpc13ClientManager13createRequestEb
                0x0001f6a0       0x98 libs/erpc.a(erpc_client_manager.o)
                0x0001f6a0                erpc::ClientManager::createRequest(bool)
 .text._ZN4erpc13ClientManager20performClientRequestERNS_14RequestContextE
                0x0001f738       0xd8 libs/erpc.a(erpc_client_manager.o)
                0x0001f738                erpc::ClientManager::performClientRequest(erpc::RequestContext&)
 .text._ZN4erpc13ClientManager14performRequestERNS_14RequestContextE
                0x0001f810       0xe0 libs/erpc.a(erpc_client_manager.o)
                0x0001f810                erpc::ClientManager::performRequest(erpc::RequestContext&)
 .text._ZN4erpc13ClientManager12setTransportEPNS_9TransportE
                0x0001f8f0        0x4 libs/erpc.a(erpc_client_manager.o)
                0x0001f8f0                erpc::ClientManager::setTransport(erpc::Transport*)
 .text._ZN4erpc13ClientManager16callErrorHandlerE12_erpc_statusm
                0x0001f8f4        0xc libs/erpc.a(erpc_client_manager.o)
                0x0001f8f4                erpc::ClientManager::callErrorHandler(_erpc_status, unsigned long)
 .text._ZN4erpc9Transport8setCrc16EPNS_5Crc16E
                0x0001f900        0x4 libs/erpc.a(erpc_client_setup.o)
                0x0001f900                erpc::Transport::setCrc16(erpc::Crc16*)
 .text.erpc_client_init
                0x0001f904       0xe0 libs/erpc.a(erpc_client_setup.o)
                0x0001f904                erpc_client_init
 .text._ZN4erpc5Crc16C2Ev
                0x0001f9e4        0x8 libs/erpc.a(erpc_crc16.o)
                0x0001f9e4                erpc::Crc16::Crc16()
                0x0001f9e4                erpc::Crc16::Crc16()
 .text._ZN4erpc5Crc16D2Ev
                0x0001f9ec        0x4 libs/erpc.a(erpc_crc16.o)
                0x0001f9ec                erpc::Crc16::~Crc16()
                0x0001f9ec                erpc::Crc16::~Crc16()
 .text._ZN4erpc5Crc1612computeCRC16EPKhm
                0x0001f9f0       0x70 libs/erpc.a(erpc_crc16.o)
                0x0001f9f0                erpc::Crc16::computeCRC16(unsigned char const*, unsigned long)
 .text._ZN4erpc20MessageBufferFactory18createServerBufferEv
                0x0001fa60        0x4 libs/erpc.a(erpc_message_buffer.o)
                0x0001fa60                erpc::MessageBufferFactory::createServerBuffer()
 .text._ZN4erpc20MessageBufferFactory26prepareServerBufferForSendEPNS_13MessageBufferE
                0x0001fa64        0x8 libs/erpc.a(erpc_message_buffer.o)
                0x0001fa64                erpc::MessageBufferFactory::prepareServerBufferForSend(erpc::MessageBuffer*)
 .text._ZN4erpc13MessageBuffer7setUsedEt
                0x0001fa6c       0x10 libs/erpc.a(erpc_message_buffer.o)
                0x0001fa6c                erpc::MessageBuffer::setUsed(unsigned short)
 .text._ZN4erpc13MessageBuffer6Cursor3setEPS0_
                0x0001fa7c        0xc libs/erpc.a(erpc_message_buffer.o)
                0x0001fa7c                erpc::MessageBuffer::Cursor::set(erpc::MessageBuffer*)
 .text._ZN4erpc13MessageBuffer6CursorpLEt
                0x0001fa88       0x24 libs/erpc.a(erpc_message_buffer.o)
                0x0001fa88                erpc::MessageBuffer::Cursor::operator+=(unsigned short)
 .text._ZN4erpc13MessageBuffer6Cursor4readEPvm
                0x0001faac       0x58 libs/erpc.a(erpc_message_buffer.o)
                0x0001faac                erpc::MessageBuffer::Cursor::read(void*, unsigned long)
 .text._ZN4erpc13MessageBuffer6Cursor5writeEPKvm
                0x0001fb04       0x5c libs/erpc.a(erpc_message_buffer.o)
                0x0001fb04                erpc::MessageBuffer::Cursor::write(void const*, unsigned long)
 .text._ZnajRKSt9nothrow_t
                0x0001fb60        0x4 libs/erpc.a(erpc_port_stdlib.o)
                0x0001fb60                operator new[](unsigned int, std::nothrow_t const&)
 .text._ZdlPvj  0x0001fb64        0x4 libs/erpc.a(erpc_port_stdlib.o)
                0x0001fb64                operator delete(void*, unsigned int)
 .text._ZdaPv   0x0001fb68        0x4 libs/erpc.a(erpc_port_stdlib.o)
                0x0001fb68                operator delete[](void*)
 .text.erpc_malloc
                0x0001fb6c        0x4 libs/erpc.a(erpc_port_stdlib.o)
                0x0001fb6c                erpc_malloc
 .text.erpc_free
                0x0001fb70        0x4 libs/erpc.a(erpc_port_stdlib.o)
                0x0001fb70                erpc_free
 .text.__cxa_pure_virtual
                0x0001fb74        0x4 libs/erpc.a(erpc_port_stdlib.o)
                0x0001fb74                __cxa_pure_virtual
 .text.erpc_server_init
                0x0001fb78       0xd4 libs/erpc.a(erpc_server_setup.o)
                0x0001fb78                erpc_server_init
 .text.erpc_add_service_to_server
                0x0001fc4c       0x18 libs/erpc.a(erpc_server_setup.o)
                0x0001fc4c                erpc_add_service_to_server
 .text._ZN27DynamicMessageBufferFactoryD2Ev
                0x0001fc64        0x4 libs/erpc.a(erpc_setup_mbf_dynamic.o)
                0x0001fc64                DynamicMessageBufferFactory::~DynamicMessageBufferFactory()
                0x0001fc64                DynamicMessageBufferFactory::~DynamicMessageBufferFactory()
 .text._ZN27DynamicMessageBufferFactory7disposeEPN4erpc13MessageBufferE
                0x0001fc68       0x14 libs/erpc.a(erpc_setup_mbf_dynamic.o)
                0x0001fc68                DynamicMessageBufferFactory::dispose(erpc::MessageBuffer*)
 .text._ZN27DynamicMessageBufferFactory6createEv
                0x0001fc7c       0x24 libs/erpc.a(erpc_setup_mbf_dynamic.o)
                0x0001fc7c                DynamicMessageBufferFactory::create()
 .text._ZN27DynamicMessageBufferFactoryD0Ev
                0x0001fca0       0x10 libs/erpc.a(erpc_setup_mbf_dynamic.o)
                0x0001fca0                DynamicMessageBufferFactory::~DynamicMessageBufferFactory()
 .text.erpc_mbf_dynamic_init
                0x0001fcb0       0x24 libs/erpc.a(erpc_setup_mbf_dynamic.o)
                0x0001fcb0                erpc_mbf_dynamic_init
 .text.erpc_transport_usb_cdc_init
                0x0001fcd4       0x48 libs/erpc.a(erpc_setup_usb_cdc.o)
                0x0001fcd4                erpc_transport_usb_cdc_init
 .text._ZN4erpc9Transport10hasMessageEv
                0x0001fd1c        0x4 libs/erpc.a(erpc_simple_server.o)
                0x0001fd1c                erpc::Transport::hasMessage()
 .text._ZN4erpc12SimpleServer4stopEv
                0x0001fd20        0x8 libs/erpc.a(erpc_simple_server.o)
                0x0001fd20                erpc::SimpleServer::stop()
 .text._ZN4erpc12SimpleServerD2Ev
                0x0001fd28        0x4 libs/erpc.a(erpc_simple_server.o)
                0x0001fd28                erpc::SimpleServer::~SimpleServer()
                0x0001fd28                erpc::SimpleServer::~SimpleServer()
 .text._ZN4erpc12SimpleServerD0Ev
                0x0001fd2c       0x10 libs/erpc.a(erpc_simple_server.o)
                0x0001fd2c                erpc::SimpleServer::~SimpleServer()
 .text._ZN4erpc12SimpleServer16runInternalBeginEPPNS_5CodecERNS_13MessageBufferERNS_13_message_typeERmS8_S8_
                0x0001fd3c       0xe8 libs/erpc.a(erpc_simple_server.o)
                0x0001fd3c                erpc::SimpleServer::runInternalBegin(erpc::Codec**, erpc::MessageBuffer&, erpc::_message_type&, unsigned long&, unsigned long&, unsigned long&)
 .text._ZN4erpc12SimpleServer14runInternalEndEPNS_5CodecENS_13_message_typeEmmm
                0x0001fe24       0x48 libs/erpc.a(erpc_simple_server.o)
                0x0001fe24                erpc::SimpleServer::runInternalEnd(erpc::Codec*, erpc::_message_type, unsigned long, unsigned long, unsigned long)
 .text._ZN4erpc12SimpleServer3runEv
                0x0001fe6c      0x11c libs/erpc.a(erpc_simple_server.o)
                0x0001fe6c                erpc::SimpleServer::run()
 .text._ZN4erpc12SimpleServer4pollEv
                0x0001ff88       0x70 libs/erpc.a(erpc_simple_server.o)
                0x0001ff88                erpc::SimpleServer::poll()
 .text._ZL17ERPC_ns_usb_tx_cbP20ns_usb_transaction_t
                0x0001fff8       0x14 libs/erpc.a(erpc_usb_cdc_transport.o)
 .text._ZL17ERPC_ns_usb_rx_cbP20ns_usb_transaction_t
                0x0002000c       0x14 libs/erpc.a(erpc_usb_cdc_transport.o)
 .text._ZN4erpc15UsbCdcTransportD2Ev
                0x00020020       0x14 libs/erpc.a(erpc_usb_cdc_transport.o)
                0x00020020                erpc::UsbCdcTransport::~UsbCdcTransport()
                0x00020020                erpc::UsbCdcTransport::~UsbCdcTransport()
 .text._ZN4erpc15UsbCdcTransportD0Ev
                0x00020034       0x1c libs/erpc.a(erpc_usb_cdc_transport.o)
                0x00020034                erpc::UsbCdcTransport::~UsbCdcTransport()
 .text._ZN4erpc15UsbCdcTransport4initEv
                0x00020050       0x18 libs/erpc.a(erpc_usb_cdc_transport.o)
                0x00020050                erpc::UsbCdcTransport::init()
 .text._ZN4erpc15UsbCdcTransport17underlyingReceiveEPhm
                0x00020068       0x28 libs/erpc.a(erpc_usb_cdc_transport.o)
                0x00020068                erpc::UsbCdcTransport::underlyingReceive(unsigned char*, unsigned long)
 .text._ZN4erpc15UsbCdcTransport14underlyingSendEPKhm
                0x00020090       0x54 libs/erpc.a(erpc_usb_cdc_transport.o)
                0x00020090                erpc::UsbCdcTransport::underlyingSend(unsigned char const*, unsigned long)
 .text._ZN4erpc15UsbCdcTransportC2EPv
                0x000200e4       0x18 libs/erpc.a(erpc_usb_cdc_transport.o)
                0x000200e4                erpc::UsbCdcTransport::UsbCdcTransport(void*)
                0x000200e4                erpc::UsbCdcTransport::UsbCdcTransport(void*)
 .text._ZN4erpc10BasicCodec13writeCallbackEPvS1_
                0x000200fc       0x10 libs/erpc.a(erpc_basic_codec.o)
                0x000200fc                erpc::BasicCodec::writeCallback(void*, void*)
 .text._ZN4erpc10BasicCodec12readCallbackEPvPS1_
                0x0002010c        0x4 libs/erpc.a(erpc_basic_codec.o)
                0x0002010c                erpc::BasicCodec::readCallback(void*, void**)
 .text._ZN4erpc17BasicCodecFactory6createEv
                0x00020110       0x44 libs/erpc.a(erpc_basic_codec.o)
                0x00020110                erpc::BasicCodecFactory::create()
 .text._ZN4erpc17BasicCodecFactory7disposeEPNS_5CodecE
                0x00020154       0x40 libs/erpc.a(erpc_basic_codec.o)
                0x00020154                erpc::BasicCodecFactory::dispose(erpc::Codec*)
 .text._ZN4erpc10BasicCodecD2Ev
                0x00020194        0x4 libs/erpc.a(erpc_basic_codec.o)
                0x00020194                erpc::BasicCodec::~BasicCodec()
                0x00020194                erpc::BasicCodec::~BasicCodec()
 .text._ZN4erpc17BasicCodecFactoryD2Ev
                0x00020198        0x4 libs/erpc.a(erpc_basic_codec.o)
                0x00020198                erpc::BasicCodecFactory::~BasicCodecFactory()
                0x00020198                erpc::BasicCodecFactory::~BasicCodecFactory()
 .text._ZN4erpc10BasicCodecD0Ev
                0x0002019c       0x10 libs/erpc.a(erpc_basic_codec.o)
                0x0002019c                erpc::BasicCodec::~BasicCodec()
 .text._ZN4erpc17BasicCodecFactoryD0Ev
                0x000201ac       0x10 libs/erpc.a(erpc_basic_codec.o)
                0x000201ac                erpc::BasicCodecFactory::~BasicCodecFactory()
 .text._ZN4erpc10BasicCodec9writeDataEPKvm
                0x000201bc       0x14 libs/erpc.a(erpc_basic_codec.o)
                0x000201bc                erpc::BasicCodec::writeData(void const*, unsigned long)
 .text._ZN4erpc10BasicCodec8readDataEPvm
                0x000201d0       0x14 libs/erpc.a(erpc_basic_codec.o)
                0x000201d0                erpc::BasicCodec::readData(void*, unsigned long)
 .text._ZN4erpc10BasicCodec4readEPf
                0x000201e4       0x2c libs/erpc.a(erpc_basic_codec.o)
                0x000201e4                erpc::BasicCodec::read(float*)
 .text._ZN4erpc10BasicCodec4readEPa
                0x00020210       0x2c libs/erpc.a(erpc_basic_codec.o)
                0x00020210                erpc::BasicCodec::read(signed char*)
 .text._ZN4erpc10BasicCodec4readEPd
                0x0002023c       0x2c libs/erpc.a(erpc_basic_codec.o)
                0x0002023c                erpc::BasicCodec::read(double*)
 .text._ZN4erpc10BasicCodec4readEPh
                0x00020268       0x2c libs/erpc.a(erpc_basic_codec.o)
                0x00020268                erpc::BasicCodec::read(unsigned char*)
 .text._ZN4erpc10BasicCodec4readEPx
                0x00020294       0x2c libs/erpc.a(erpc_basic_codec.o)
                0x00020294                erpc::BasicCodec::read(long long*)
 .text._ZN4erpc10BasicCodec4readEPm
                0x000202c0       0x2c libs/erpc.a(erpc_basic_codec.o)
                0x000202c0                erpc::BasicCodec::read(unsigned long*)
 .text._ZN4erpc10BasicCodec4readEPt
                0x000202ec       0x2c libs/erpc.a(erpc_basic_codec.o)
                0x000202ec                erpc::BasicCodec::read(unsigned short*)
 .text._ZN4erpc10BasicCodec4readEPy
                0x00020318       0x2c libs/erpc.a(erpc_basic_codec.o)
                0x00020318                erpc::BasicCodec::read(unsigned long long*)
 .text._ZN4erpc10BasicCodec4readEPs
                0x00020344       0x2c libs/erpc.a(erpc_basic_codec.o)
                0x00020344                erpc::BasicCodec::read(short*)
 .text._ZN4erpc10BasicCodec4readEPl
                0x00020370       0x2c libs/erpc.a(erpc_basic_codec.o)
                0x00020370                erpc::BasicCodec::read(long*)
 .text._ZN4erpc10BasicCodec5writeEd
                0x0002039c       0x3c libs/erpc.a(erpc_basic_codec.o)
                0x0002039c                erpc::BasicCodec::write(double)
 .text._ZN4erpc10BasicCodec5writeEy
                0x000203d8       0x3c libs/erpc.a(erpc_basic_codec.o)
                0x000203d8                erpc::BasicCodec::write(unsigned long long)
 .text._ZN4erpc10BasicCodec5writeEf
                0x00020414       0x40 libs/erpc.a(erpc_basic_codec.o)
                0x00020414                erpc::BasicCodec::write(float)
 .text._ZN4erpc10BasicCodec5writeEa
                0x00020454       0x40 libs/erpc.a(erpc_basic_codec.o)
                0x00020454                erpc::BasicCodec::write(signed char)
 .text._ZN4erpc10BasicCodec5writeEs
                0x00020494       0x40 libs/erpc.a(erpc_basic_codec.o)
                0x00020494                erpc::BasicCodec::write(short)
 .text._ZN4erpc10BasicCodec5writeEl
                0x000204d4       0x40 libs/erpc.a(erpc_basic_codec.o)
                0x000204d4                erpc::BasicCodec::write(long)
 .text._ZN4erpc10BasicCodec5writeEx
                0x00020514       0x3c libs/erpc.a(erpc_basic_codec.o)
                0x00020514                erpc::BasicCodec::write(long long)
 .text._ZN4erpc10BasicCodec5writeEh
                0x00020550       0x40 libs/erpc.a(erpc_basic_codec.o)
                0x00020550                erpc::BasicCodec::write(unsigned char)
 .text._ZN4erpc10BasicCodec5writeEt
                0x00020590       0x40 libs/erpc.a(erpc_basic_codec.o)
                0x00020590                erpc::BasicCodec::write(unsigned short)
 .text._ZN4erpc10BasicCodec5writeEm
                0x000205d0       0x40 libs/erpc.a(erpc_basic_codec.o)
                0x000205d0                erpc::BasicCodec::write(unsigned long)
 .text._ZN4erpc10BasicCodec5writeEb
                0x00020610       0x40 libs/erpc.a(erpc_basic_codec.o)
                0x00020610                erpc::BasicCodec::write(bool)
 .text._ZN4erpc10BasicCodec4readEPb
                0x00020650       0x54 libs/erpc.a(erpc_basic_codec.o)
                0x00020650                erpc::BasicCodec::read(bool*)
 .text._ZN4erpc10BasicCodec14startReadUnionEPl
                0x000206a4       0x40 libs/erpc.a(erpc_basic_codec.o)
                0x000206a4                erpc::BasicCodec::startReadUnion(long*)
 .text._ZN4erpc10BasicCodec15startWriteUnionEl
                0x000206e4       0x54 libs/erpc.a(erpc_basic_codec.o)
                0x000206e4                erpc::BasicCodec::startWriteUnion(long)
 .text._ZN4erpc10BasicCodec13writeNullFlagEb
                0x00020738       0x58 libs/erpc.a(erpc_basic_codec.o)
                0x00020738                erpc::BasicCodec::writeNullFlag(bool)
 .text._ZN4erpc10BasicCodec12readNullFlagEPb
                0x00020790       0x68 libs/erpc.a(erpc_basic_codec.o)
                0x00020790                erpc::BasicCodec::readNullFlag(bool*)
 .text._ZN4erpc10BasicCodec8writePtrEj
                0x000207f8       0x94 libs/erpc.a(erpc_basic_codec.o)
                0x000207f8                erpc::BasicCodec::writePtr(unsigned int)
 .text._ZN4erpc10BasicCodec14startWriteListEm
                0x0002088c       0x54 libs/erpc.a(erpc_basic_codec.o)
                0x0002088c                erpc::BasicCodec::startWriteList(unsigned long)
 .text._ZN4erpc10BasicCodec7readPtrEPj
                0x000208e0       0x98 libs/erpc.a(erpc_basic_codec.o)
                0x000208e0                erpc::BasicCodec::readPtr(unsigned int*)
 .text._ZN4erpc10BasicCodec13startReadListEPm
                0x00020978       0x54 libs/erpc.a(erpc_basic_codec.o)
                0x00020978                erpc::BasicCodec::startReadList(unsigned long*)
 .text._ZN4erpc10BasicCodec12readCallbackEPPvhS2_
                0x000209cc       0x7c libs/erpc.a(erpc_basic_codec.o)
                0x000209cc                erpc::BasicCodec::readCallback(void**, unsigned char, void**)
 .text._ZN4erpc10BasicCodec11writeBinaryEmPKh
                0x00020a48       0x94 libs/erpc.a(erpc_basic_codec.o)
                0x00020a48                erpc::BasicCodec::writeBinary(unsigned long, unsigned char const*)
 .text._ZN4erpc10BasicCodec10readBinaryEPmPPh
                0x00020adc       0x9c libs/erpc.a(erpc_basic_codec.o)
                0x00020adc                erpc::BasicCodec::readBinary(unsigned long*, unsigned char**)
 .text._ZN4erpc10BasicCodec17startWriteMessageENS_13_message_typeEmmm
                0x00020b78       0xb8 libs/erpc.a(erpc_basic_codec.o)
                0x00020b78                erpc::BasicCodec::startWriteMessage(erpc::_message_type, unsigned long, unsigned long, unsigned long)
 .text._ZN4erpc10BasicCodec11writeStringEmPKc
                0x00020c30       0xa8 libs/erpc.a(erpc_basic_codec.o)
                0x00020c30                erpc::BasicCodec::writeString(unsigned long, char const*)
 .text._ZN4erpc10BasicCodec13writeCallbackEPPvhS1_
                0x00020cd8       0x90 libs/erpc.a(erpc_basic_codec.o)
                0x00020cd8                erpc::BasicCodec::writeCallback(void**, unsigned char, void*)
 .text._ZN4erpc10BasicCodec10readStringEPmPPc
                0x00020d68       0xb0 libs/erpc.a(erpc_basic_codec.o)
                0x00020d68                erpc::BasicCodec::readString(unsigned long*, char**)
 .text._ZN4erpc10BasicCodec16startReadMessageEPNS_13_message_typeEPmS3_S3_
                0x00020e18       0xc0 libs/erpc.a(erpc_basic_codec.o)
                0x00020e18                erpc::BasicCodec::startReadMessage(erpc::_message_type*, unsigned long*, unsigned long*, unsigned long*)
 .text._ZN4erpc15FramedTransport8setCrc16EPNS_5Crc16E
                0x00020ed8        0x8 libs/erpc.a(erpc_framed_transport.o)
                0x00020ed8                erpc::FramedTransport::setCrc16(erpc::Crc16*)
 .text._ZN4erpc15FramedTransport4sendEPNS_13MessageBufferE
                0x00020ee0       0x44 libs/erpc.a(erpc_framed_transport.o)
                0x00020ee0                erpc::FramedTransport::send(erpc::MessageBuffer*)
 .text._ZN4erpc15FramedTransport7receiveEPNS_13MessageBufferE
                0x00020f24       0x6c libs/erpc.a(erpc_framed_transport.o)
                0x00020f24                erpc::FramedTransport::receive(erpc::MessageBuffer*)
 .text._ZN4erpc15FramedTransportC2Ev
                0x00020f90       0x10 libs/erpc.a(erpc_framed_transport.o)
                0x00020f90                erpc::FramedTransport::FramedTransport()
                0x00020f90                erpc::FramedTransport::FramedTransport()
 .text._ZN4erpc15FramedTransportD2Ev
                0x00020fa0        0x4 libs/erpc.a(erpc_framed_transport.o)
                0x00020fa0                erpc::FramedTransport::~FramedTransport()
                0x00020fa0                erpc::FramedTransport::~FramedTransport()
 .text._ZN4erpc6Server17readHeadOfMessageEPNS_5CodecERNS_13_message_typeERmS5_S5_
                0x00020fa4       0x20 libs/erpc.a(erpc_server.o)
                0x00020fa4                erpc::Server::readHeadOfMessage(erpc::Codec*, erpc::_message_type&, unsigned long&, unsigned long&, unsigned long&)
 .text._ZN4erpc6Server17findServiceWithIdEm
                0x00020fc4       0x14 libs/erpc.a(erpc_server.o)
                0x00020fc4                erpc::Server::findServiceWithId(unsigned long)
 .text._ZN4erpc6Server14processMessageEPNS_5CodecENS_13_message_typeEmmm
                0x00020fd8       0x5c libs/erpc.a(erpc_server.o)
                0x00020fd8                erpc::Server::processMessage(erpc::Codec*, erpc::_message_type, unsigned long, unsigned long, unsigned long)
 .text._ZN4erpc6Server12setTransportEPNS_9TransportE
                0x00021034        0x4 libs/erpc.a(erpc_server.o)
                0x00021034                erpc::Server::setTransport(erpc::Transport*)
 .text._ZN4erpc6Server10addServiceEPNS_7ServiceE
                0x00021038       0x14 libs/erpc.a(erpc_server.o)
                0x00021038                erpc::Server::addService(erpc::Service*)
 .text.am_hal_cachectrl_config
                0x0002104c       0x44 libs/libam_hal.a(am_hal_cachectrl.o)
                0x0002104c                am_hal_cachectrl_config
 .text.am_hal_cachectrl_enable
                0x00021090       0x18 libs/libam_hal.a(am_hal_cachectrl.o)
                0x00021090                am_hal_cachectrl_enable
 .text.am_hal_daxi_config
                0x000210a8       0x94 libs/libam_hal.a(am_hal_cachectrl.o)
                0x000210a8                am_hal_daxi_config
 .text.am_hal_daxi_control
                0x0002113c       0xe4 libs/libam_hal.a(am_hal_cachectrl.o)
                0x0002113c                am_hal_daxi_control
 .text.am_hal_clkgen_control
                0x00021220      0x230 libs/libam_hal.a(am_hal_clkgen.o)
                0x00021220                am_hal_clkgen_control
 .text.am_hal_interrupt_master_enable
                0x00021450        0x8 libs/libam_hal.a(am_hal_interrupt.o)
                0x00021450                am_hal_interrupt_master_enable
 .text.am_hal_interrupt_master_disable
                0x00021458        0x8 libs/libam_hal.a(am_hal_interrupt.o)
                0x00021458                am_hal_interrupt_master_disable
 .text.am_hal_interrupt_master_set
                0x00021460        0x8 libs/libam_hal.a(am_hal_interrupt.o)
                0x00021460                am_hal_interrupt_master_set
 .text.am_hal_itm_enable
                0x00021468       0x48 libs/libam_hal.a(am_hal_itm.o)
                0x00021468                am_hal_itm_enable
 .text.am_hal_itm_disable
                0x000214b0       0xd4 libs/libam_hal.a(am_hal_itm.o)
                0x000214b0                am_hal_itm_disable
 .text.am_hal_itm_print
                0x00021584       0x30 libs/libam_hal.a(am_hal_itm.o)
                0x00021584                am_hal_itm_print
 .text.am_hal_mcuctrl_control
                0x000215b4      0x1f0 libs/libam_hal.a(am_hal_mcuctrl.o)
                0x000215b4                am_hal_mcuctrl_control
 .text.am_hal_mram_info_read
                0x000217a4       0x64 libs/libam_hal.a(am_hal_mram.o)
                0x000217a4                am_hal_mram_info_read
 .text.am_hal_sysctrl_sleep
                0x00021808       0xfc libs/libam_hal.a(am_hal_sysctrl.o)
                0x00021808                am_hal_sysctrl_sleep
 .text.am_hal_tpiu_enable
                0x00021904       0x6c libs/libam_hal.a(am_hal_tpiu.o)
                0x00021904                am_hal_tpiu_enable
 .text.am_hal_delay_us
                0x00021970       0x30 libs/libam_hal.a(am_hal_utils.o)
                0x00021970                am_hal_delay_us
 .text.am_hal_delay_us_status_change
                0x000219a0       0x58 libs/libam_hal.a(am_hal_utils.o)
                0x000219a0                am_hal_delay_us_status_change
 .text.am_hal_delay_us_status_check
                0x000219f8       0x7c libs/libam_hal.a(am_hal_utils.o)
                0x000219f8                am_hal_delay_us_status_check
 .text.ForceFIFOpop
                0x00021a74       0x84 libs/libam_hal.a(am_hal_adc.o)
 .text.am_hal_adc_initialize
                0x00021af8      0x108 libs/libam_hal.a(am_hal_adc.o)
                0x00021af8                am_hal_adc_initialize
 .text.am_hal_adc_configure
                0x00021c00       0x74 libs/libam_hal.a(am_hal_adc.o)
                0x00021c00                am_hal_adc_configure
 .text.am_hal_adc_configure_slot
                0x00021c74       0x88 libs/libam_hal.a(am_hal_adc.o)
                0x00021c74                am_hal_adc_configure_slot
 .text.am_hal_adc_control
                0x00021cfc      0x12c libs/libam_hal.a(am_hal_adc.o)
                0x00021cfc                am_hal_adc_control
 .text.am_hal_adc_enable
                0x00021e28       0x5c libs/libam_hal.a(am_hal_adc.o)
                0x00021e28                am_hal_adc_enable
 .text.am_hal_adc_samples_read
                0x00021e84      0x364 libs/libam_hal.a(am_hal_adc.o)
                0x00021e84                am_hal_adc_samples_read
 .text.am_hal_adc_sw_trigger
                0x000221e8       0x24 libs/libam_hal.a(am_hal_adc.o)
                0x000221e8                am_hal_adc_sw_trigger
 .text.am_hal_adc_power_control
                0x0002220c      0x108 libs/libam_hal.a(am_hal_adc.o)
                0x0002220c                am_hal_adc_power_control
 .text.am_hal_audadc_initialize
                0x00022314       0xac libs/libam_hal.a(am_hal_audadc.o)
                0x00022314                am_hal_audadc_initialize
 .text.am_hal_audadc_configure
                0x000223c0       0xa8 libs/libam_hal.a(am_hal_audadc.o)
                0x000223c0                am_hal_audadc_configure
 .text.am_hal_audadc_configure_slot
                0x00022468       0x88 libs/libam_hal.a(am_hal_audadc.o)
                0x00022468                am_hal_audadc_configure_slot
 .text.am_hal_audadc_configure_irtt
                0x000224f0       0x30 libs/libam_hal.a(am_hal_audadc.o)
                0x000224f0                am_hal_audadc_configure_irtt
 .text.am_hal_audadc_irtt_enable
                0x00022520       0x28 libs/libam_hal.a(am_hal_audadc.o)
                0x00022520                am_hal_audadc_irtt_enable
 .text.am_hal_audadc_configure_dma
                0x00022548       0x5c libs/libam_hal.a(am_hal_audadc.o)
                0x00022548                am_hal_audadc_configure_dma
 .text.am_hal_audadc_dma_get_buffer
                0x000225a4       0x18 libs/libam_hal.a(am_hal_audadc.o)
                0x000225a4                am_hal_audadc_dma_get_buffer
 .text.am_hal_audadc_enable
                0x000225bc       0x3c libs/libam_hal.a(am_hal_audadc.o)
                0x000225bc                am_hal_audadc_enable
 .text.am_hal_audadc_interrupt_enable
                0x000225f8       0x28 libs/libam_hal.a(am_hal_audadc.o)
                0x000225f8                am_hal_audadc_interrupt_enable
 .text.am_hal_audadc_interrupt_status
                0x00022620       0x48 libs/libam_hal.a(am_hal_audadc.o)
                0x00022620                am_hal_audadc_interrupt_status
 .text.am_hal_audadc_interrupt_clear
                0x00022668       0x20 libs/libam_hal.a(am_hal_audadc.o)
                0x00022668                am_hal_audadc_interrupt_clear
 .text.am_hal_audadc_interrupt_service
                0x00022688       0x2c libs/libam_hal.a(am_hal_audadc.o)
                0x00022688                am_hal_audadc_interrupt_service
 .text.am_hal_audadc_sw_trigger
                0x000226b4       0x24 libs/libam_hal.a(am_hal_audadc.o)
                0x000226b4                am_hal_audadc_sw_trigger
 .text.am_hal_audadc_power_control
                0x000226d8       0xd4 libs/libam_hal.a(am_hal_audadc.o)
                0x000226d8                am_hal_audadc_power_control
 .text.am_hal_audadc_gain_set
                0x000227ac      0x238 libs/libam_hal.a(am_hal_audadc.o)
                0x000227ac                am_hal_audadc_gain_set
 .text.am_hal_audadc_refgen_powerup
                0x000229e4       0x44 libs/libam_hal.a(am_hal_audadc.o)
                0x000229e4                am_hal_audadc_refgen_powerup
 .text.am_hal_audadc_pga_powerup
                0x00022a28      0x140 libs/libam_hal.a(am_hal_audadc.o)
                0x00022a28                am_hal_audadc_pga_powerup
 .text.am_hal_audadc_micbias_powerup
                0x00022b68       0x30 libs/libam_hal.a(am_hal_audadc.o)
                0x00022b68                am_hal_audadc_micbias_powerup
 .text.am_hal_audadc_internal_pga_config
                0x00022b98       0x58 libs/libam_hal.a(am_hal_audadc.o)
                0x00022b98                am_hal_audadc_internal_pga_config
 .text.am_hal_gpio_pinconfig
                0x00022bf0       0x58 libs/libam_hal.a(am_hal_gpio.o)
                0x00022bf0                am_hal_gpio_pinconfig
 .text.am_hal_gpio_state_write
                0x00022c48       0xa8 libs/libam_hal.a(am_hal_gpio.o)
                0x00022c48                am_hal_gpio_state_write
 .text.am_hal_gpio_interrupt_control
                0x00022cf0      0x198 libs/libam_hal.a(am_hal_gpio.o)
                0x00022cf0                am_hal_gpio_interrupt_control
 .text.am_hal_gpio_interrupt_irq_status_get
                0x00022e88       0x74 libs/libam_hal.a(am_hal_gpio.o)
                0x00022e88                am_hal_gpio_interrupt_irq_status_get
 .text.am_hal_gpio_interrupt_irq_clear
                0x00022efc       0x18 libs/libam_hal.a(am_hal_gpio.o)
                0x00022efc                am_hal_gpio_interrupt_irq_clear
 .text.tempco_set_trims.part.0
                0x00022f14       0xd0 libs/libam_hal.a(am_hal_pwrctrl.o)
 .text.am_hal_pwrctrl_mcu_mode_select
                0x00022fe4       0x6c libs/libam_hal.a(am_hal_pwrctrl.o)
                0x00022fe4                am_hal_pwrctrl_mcu_mode_select
 .text.am_hal_pwrctrl_mcu_memory_config
                0x00023050      0x15c libs/libam_hal.a(am_hal_pwrctrl.o)
                0x00023050                am_hal_pwrctrl_mcu_memory_config
 .text.am_hal_pwrctrl_sram_config
                0x000231ac       0xb0 libs/libam_hal.a(am_hal_pwrctrl.o)
                0x000231ac                am_hal_pwrctrl_sram_config
 .text.am_hal_pwrctrl_dsp_memory_config
                0x0002325c      0x1cc libs/libam_hal.a(am_hal_pwrctrl.o)
                0x0002325c                am_hal_pwrctrl_dsp_memory_config
 .text.am_hal_pwrctrl_periph_enable
                0x00023428      0x1a0 libs/libam_hal.a(am_hal_pwrctrl.o)
                0x00023428                am_hal_pwrctrl_periph_enable
 .text.am_hal_pwrctrl_periph_disable
                0x000235c8      0x184 libs/libam_hal.a(am_hal_pwrctrl.o)
                0x000235c8                am_hal_pwrctrl_periph_disable
 .text.am_hal_pwrctrl_low_power_init
                0x0002374c      0x184 libs/libam_hal.a(am_hal_pwrctrl.o)
                0x0002374c                am_hal_pwrctrl_low_power_init
 .text.buck_ldo_update_override
                0x000238d0       0x20 libs/libam_hal.a(am_hal_pwrctrl.o)
                0x000238d0                buck_ldo_update_override
 .text.am_hal_pwrctrl_control
                0x000238f0      0x274 libs/libam_hal.a(am_hal_pwrctrl.o)
                0x000238f0                am_hal_pwrctrl_control
 .text.am_hal_pwrctrl_tempco_init
                0x00023b64       0xa0 libs/libam_hal.a(am_hal_pwrctrl.o)
                0x00023b64                am_hal_pwrctrl_tempco_init
 .text.am_hal_pwrctrl_tempco_sample_handler
                0x00023c04      0x190 libs/libam_hal.a(am_hal_pwrctrl.o)
                0x00023c04                am_hal_pwrctrl_tempco_sample_handler
 .text.am_hal_stimer_counter_get
                0x00023d94       0x20 libs/libam_hal.a(am_hal_stimer.o)
                0x00023d94                am_hal_stimer_counter_get
 .text.am_hal_stimer_compare_delta_set
                0x00023db4       0xe0 libs/libam_hal.a(am_hal_stimer.o)
                0x00023db4                am_hal_stimer_compare_delta_set
 .text.am_hal_stimer_int_clear
                0x00023e94        0xc libs/libam_hal.a(am_hal_stimer.o)
                0x00023e94                am_hal_stimer_int_clear
 .text.am_hal_stimer_int_status_get
                0x00023ea0       0x18 libs/libam_hal.a(am_hal_stimer.o)
                0x00023ea0                am_hal_stimer_int_status_get
 .text.am_hal_timer_config
                0x00023eb8       0xa0 libs/libam_hal.a(am_hal_timer.o)
                0x00023eb8                am_hal_timer_config
 .text.am_hal_timer_default_config_set
                0x00023f58       0x20 libs/libam_hal.a(am_hal_timer.o)
                0x00023f58                am_hal_timer_default_config_set
 .text.am_hal_timer_clear
                0x00023f78       0x54 libs/libam_hal.a(am_hal_timer.o)
                0x00023f78                am_hal_timer_clear
 .text.am_hal_timer_interrupt_enable
                0x00023fcc       0x14 libs/libam_hal.a(am_hal_timer.o)
                0x00023fcc                am_hal_timer_interrupt_enable
 .text.am_hal_timer_interrupt_clear
                0x00023fe0        0xc libs/libam_hal.a(am_hal_timer.o)
                0x00023fe0                am_hal_timer_interrupt_clear
 .text.am_hal_triple_read
                0x00023fec       0x1c libs/libam_hal.a(am_hal_global.o)
                0x00023fec                am_hal_triple_read
 .text.am_bsp_uart_string_print
                0x00024008       0x50 libs/libam_bsp.a(am_bsp.o)
                0x00024008                am_bsp_uart_string_print
 .text.am_bsp_external_vddusb33_switch
                0x00024058       0x20 libs/libam_bsp.a(am_bsp.o)
                0x00024058                am_bsp_external_vddusb33_switch
 .text.am_bsp_external_vddusb0p9_switch
                0x00024078       0x20 libs/libam_bsp.a(am_bsp.o)
                0x00024078                am_bsp_external_vddusb0p9_switch
 .text.am_bsp_low_power_init
                0x00024098       0x18 libs/libam_bsp.a(am_bsp.o)
                0x00024098                am_bsp_low_power_init
 .text.am_bsp_itm_printf_enable
                0x000240b0       0x7c libs/libam_bsp.a(am_bsp.o)
                0x000240b0                am_bsp_itm_printf_enable
 .text.am_bsp_uart_printf_enable
                0x0002412c       0x6c libs/libam_bsp.a(am_bsp.o)
                0x0002412c                am_bsp_uart_printf_enable
 .text.am_bsp_uart_printf_disable
                0x00024198       0x50 libs/libam_bsp.a(am_bsp.o)
                0x00024198                am_bsp_uart_printf_disable
 .text.arm_rfft_init_q31
                0x000241e8      0x108 libs/libCMSISDSP.a(arm_rfft_init_q31.c.obj)
                0x000241e8                arm_rfft_init_q31
 .text.arm_split_rfft_q31
                0x000242f0      0x234 libs/libCMSISDSP.a(arm_rfft_q31.c.obj)
                0x000242f0                arm_split_rfft_q31
 .text.arm_split_rifft_q31
                0x00024524      0x1f0 libs/libCMSISDSP.a(arm_rfft_q31.c.obj)
                0x00024524                arm_split_rifft_q31
 .text.arm_rfft_q31
                0x00024714       0x70 libs/libCMSISDSP.a(arm_rfft_q31.c.obj)
                0x00024714                arm_rfft_q31
 .text.arm_shift_q31
                0x00024784      0x1ac libs/libCMSISDSP.a(arm_shift_q31.c.obj)
                0x00024784                arm_shift_q31
 .text.arm_cfft_radix4by2_q31
                0x00024930      0x114 libs/libCMSISDSP.a(arm_cfft_q31.c.obj)
                0x00024930                arm_cfft_radix4by2_q31
 .text.arm_cfft_radix4by2_inverse_q31
                0x00024a44      0x110 libs/libCMSISDSP.a(arm_cfft_q31.c.obj)
                0x00024a44                arm_cfft_radix4by2_inverse_q31
 .text.arm_cfft_q31
                0x00024b54       0xd8 libs/libCMSISDSP.a(arm_cfft_q31.c.obj)
                0x00024b54                arm_cfft_q31
 .text.arm_bitreversal_32
                0x00024c2c       0x4c libs/libCMSISDSP.a(arm_bitreversal2.c.obj)
                0x00024c2c                arm_bitreversal_32
 .text.arm_radix4_butterfly_q31
                0x00024c78      0x4e0 libs/libCMSISDSP.a(arm_cfft_radix4_q31.c.obj)
                0x00024c78                arm_radix4_butterfly_q31
 .text.arm_radix4_butterfly_inverse_q31
                0x00025158      0x4dc libs/libCMSISDSP.a(arm_cfft_radix4_q31.c.obj)
                0x00025158                arm_radix4_butterfly_inverse_q31
 .text._ZNK10__cxxabiv117__class_type_info11__do_upcastEPKS0_PPv
                0x00025634       0x34 c:/program files (x86)/gnu arm embedded toolchain/10 2021.10/bin/../lib/gcc/arm-none-eabi/10.3.1/../../../../arm-none-eabi/lib/thumb/v7e-m+fp/hard\libstdc++.a(class_type_info.o)
                0x00025634                __cxxabiv1::__class_type_info::__do_upcast(__cxxabiv1::__class_type_info const*, void**) const
 .text._ZNK10__cxxabiv117__class_type_info20__do_find_public_srcEiPKvPKS0_S2_
                0x00025668        0xc c:/program files (x86)/gnu arm embedded toolchain/10 2021.10/bin/../lib/gcc/arm-none-eabi/10.3.1/../../../../arm-none-eabi/lib/thumb/v7e-m+fp/hard\libstdc++.a(class_type_info.o)
                0x00025668                __cxxabiv1::__class_type_info::__do_find_public_src(int, void const*, __cxxabiv1::__class_type_info const*, void const*) const
 .text._ZN10__cxxabiv117__class_type_infoD2Ev
                0x00025674       0x14 c:/program files (x86)/gnu arm embedded toolchain/10 2021.10/bin/../lib/gcc/arm-none-eabi/10.3.1/../../../../arm-none-eabi/lib/thumb/v7e-m+fp/hard\libstdc++.a(class_type_info.o)
                0x00025674                __cxxabiv1::__class_type_info::~__class_type_info()
                0x00025674                __cxxabiv1::__class_type_info::~__class_type_info()
 .text._ZN10__cxxabiv117__class_type_infoD0Ev
                0x00025688       0x1c c:/program files (x86)/gnu arm embedded toolchain/10 2021.10/bin/../lib/gcc/arm-none-eabi/10.3.1/../../../../arm-none-eabi/lib/thumb/v7e-m+fp/hard\libstdc++.a(class_type_info.o)
                0x00025688                __cxxabiv1::__class_type_info::~__class_type_info()
 .text._ZNK10__cxxabiv117__class_type_info12__do_dyncastEiNS0_10__sub_kindEPKS0_PKvS3_S5_RNS0_16__dyncast_resultE
                0x000256a4       0x44 c:/program files (x86)/gnu arm embedded toolchain/10 2021.10/bin/../lib/gcc/arm-none-eabi/10.3.1/../../../../arm-none-eabi/lib/thumb/v7e-m+fp/hard\libstdc++.a(class_type_info.o)
                0x000256a4                __cxxabiv1::__class_type_info::__do_dyncast(int, __cxxabiv1::__class_type_info::__sub_kind, __cxxabiv1::__class_type_info const*, void const*, __cxxabiv1::__class_type_info const*, void const*, __cxxabiv1::__class_type_info::__dyncast_result&) const
 .text._ZNK10__cxxabiv117__class_type_info11__do_upcastEPKS0_PKvRNS0_15__upcast_resultE
                0x000256e8       0x1c c:/program files (x86)/gnu arm embedded toolchain/10 2021.10/bin/../lib/gcc/arm-none-eabi/10.3.1/../../../../arm-none-eabi/lib/thumb/v7e-m+fp/hard\libstdc++.a(class_type_info.o)
                0x000256e8                __cxxabiv1::__class_type_info::__do_upcast(__cxxabiv1::__class_type_info const*, void const*, __cxxabiv1::__class_type_info::__upcast_result&) const
 .text._ZNK10__cxxabiv117__class_type_info10__do_catchEPKSt9type_infoPPvj
                0x00025704       0x2c c:/program files (x86)/gnu arm embedded toolchain/10 2021.10/bin/../lib/gcc/arm-none-eabi/10.3.1/../../../../arm-none-eabi/lib/thumb/v7e-m+fp/hard\libstdc++.a(class_type_info.o)
                0x00025704                __cxxabiv1::__class_type_info::__do_catch(std::type_info const*, void**, unsigned int) const
 .text._ZN10__cxxabiv120__si_class_type_infoD2Ev
                0x00025730       0x14 c:/program files (x86)/gnu arm embedded toolchain/10 2021.10/bin/../lib/gcc/arm-none-eabi/10.3.1/../../../../arm-none-eabi/lib/thumb/v7e-m+fp/hard\libstdc++.a(si_class_type_info.o)
                0x00025730                __cxxabiv1::__si_class_type_info::~__si_class_type_info()
                0x00025730                __cxxabiv1::__si_class_type_info::~__si_class_type_info()
 .text._ZN10__cxxabiv120__si_class_type_infoD0Ev
                0x00025744       0x1c c:/program files (x86)/gnu arm embedded toolchain/10 2021.10/bin/../lib/gcc/arm-none-eabi/10.3.1/../../../../arm-none-eabi/lib/thumb/v7e-m+fp/hard\libstdc++.a(si_class_type_info.o)
                0x00025744                __cxxabiv1::__si_class_type_info::~__si_class_type_info()
 .text._ZNK10__cxxabiv120__si_class_type_info20__do_find_public_srcEiPKvPKNS_17__class_type_infoES2_
                0x00025760       0x3c c:/program files (x86)/gnu arm embedded toolchain/10 2021.10/bin/../lib/gcc/arm-none-eabi/10.3.1/../../../../arm-none-eabi/lib/thumb/v7e-m+fp/hard\libstdc++.a(si_class_type_info.o)
                0x00025760                __cxxabiv1::__si_class_type_info::__do_find_public_src(int, void const*, __cxxabiv1::__class_type_info const*, void const*) const
 .text._ZNK10__cxxabiv120__si_class_type_info12__do_dyncastEiNS_17__class_type_info10__sub_kindEPKS1_PKvS4_S6_RNS1_16__dyncast_resultE
                0x0002579c       0x80 c:/program files (x86)/gnu arm embedded toolchain/10 2021.10/bin/../lib/gcc/arm-none-eabi/10.3.1/../../../../arm-none-eabi/lib/thumb/v7e-m+fp/hard\libstdc++.a(si_class_type_info.o)
                0x0002579c                __cxxabiv1::__si_class_type_info::__do_dyncast(int, __cxxabiv1::__class_type_info::__sub_kind, __cxxabiv1::__class_type_info const*, void const*, __cxxabiv1::__class_type_info const*, void const*, __cxxabiv1::__class_type_info::__dyncast_result&) const
 .text._ZNK10__cxxabiv120__si_class_type_info11__do_upcastEPKNS_17__class_type_infoEPKvRNS1_15__upcast_resultE
                0x0002581c       0x2c c:/program files (x86)/gnu arm embedded toolchain/10 2021.10/bin/../lib/gcc/arm-none-eabi/10.3.1/../../../../arm-none-eabi/lib/thumb/v7e-m+fp/hard\libstdc++.a(si_class_type_info.o)
                0x0002581c                __cxxabiv1::__si_class_type_info::__do_upcast(__cxxabiv1::__class_type_info const*, void const*, __cxxabiv1::__class_type_info::__upcast_result&) const
 .text._ZNSt9type_infoD2Ev
                0x00025848        0x4 c:/program files (x86)/gnu arm embedded toolchain/10 2021.10/bin/../lib/gcc/arm-none-eabi/10.3.1/../../../../arm-none-eabi/lib/thumb/v7e-m+fp/hard\libstdc++.a(tinfo.o)
                0x00025848                std::type_info::~type_info()
                0x00025848                std::type_info::~type_info()
 .text._ZNKSt9type_info14__is_pointer_pEv
                0x0002584c        0x4 c:/program files (x86)/gnu arm embedded toolchain/10 2021.10/bin/../lib/gcc/arm-none-eabi/10.3.1/../../../../arm-none-eabi/lib/thumb/v7e-m+fp/hard\libstdc++.a(tinfo.o)
                0x0002584c                std::type_info::__is_pointer_p() const
                0x0002584c                std::type_info::__is_function_p() const
 .text._ZNKSt9type_infoeqERKS_
                0x00025850       0x2c c:/program files (x86)/gnu arm embedded toolchain/10 2021.10/bin/../lib/gcc/arm-none-eabi/10.3.1/../../../../arm-none-eabi/lib/thumb/v7e-m+fp/hard\libstdc++.a(tinfo.o)
                0x00025850                std::type_info::operator==(std::type_info const&) const
 .text.sqrtf    0x0002587c       0x44 c:/program files (x86)/gnu arm embedded toolchain/10 2021.10/bin/../lib/gcc/arm-none-eabi/10.3.1/../../../../arm-none-eabi/lib/thumb/v7e-m+fp/hard\libm.a(lib_a-wf_sqrt.o)
                0x0002587c                sqrtf
 .text.__ieee754_sqrtf
                0x000258c0        0x8 c:/program files (x86)/gnu arm embedded toolchain/10 2021.10/bin/../lib/gcc/arm-none-eabi/10.3.1/../../../../arm-none-eabi/lib/thumb/v7e-m+fp/hard\libm.a(lib_a-ef_sqrt.o)
                0x000258c0                __ieee754_sqrtf
 .text.__errno  0x000258c8        0xc c:/program files (x86)/gnu arm embedded toolchain/10 2021.10/bin/../lib/gcc/arm-none-eabi/10.3.1/../../../../arm-none-eabi/lib/thumb/v7e-m+fp/hard\libc.a(lib_a-errno.o)
                0x000258c8                __errno
 .text.memset   0x000258d4       0xa4 c:/program files (x86)/gnu arm embedded toolchain/10 2021.10/bin/../lib/gcc/arm-none-eabi/10.3.1/../../../../arm-none-eabi/lib/thumb/v7e-m+fp/hard\libc.a(lib_a-memset.o)
                0x000258d4                memset
 .text.ns_ipc_ring_buffer_init
                0x00025978       0x30 libs/ns-ipc.a(ns_ipc_ring_buffer.o)
                0x00025978                ns_ipc_ring_buffer_init
 .text.ns_usb_service_callback
                0x000259a8        0x4 libs/ns-usb.a(ns_usb.o)
 .text.ns_usb_init
                0x000259ac       0x30 libs/ns-usb.a(ns_usb.o)
                0x000259ac                ns_usb_init
 .text.ns_usb_register_callbacks
                0x000259dc        0x8 libs/ns-usb.a(ns_usb.o)
                0x000259dc                ns_usb_register_callbacks
 .text.tud_cdc_rx_cb
                0x000259e4       0x3c libs/ns-usb.a(ns_usb.o)
                0x000259e4                tud_cdc_rx_cb
 .text.tud_cdc_tx_complete_cb
                0x00025a20       0x2c libs/ns-usb.a(ns_usb.o)
                0x00025a20                tud_cdc_tx_complete_cb
 .text.ns_usb_recieve_data
                0x00025a4c       0x3c libs/ns-usb.a(ns_usb.o)
                0x00025a4c                ns_usb_recieve_data
 .text.ns_usb_handle_read_error
                0x00025a88       0x2c libs/ns-usb.a(ns_usb.o)
                0x00025a88                ns_usb_handle_read_error
 .text.ns_usb_send_data
                0x00025ab4       0x2c libs/ns-usb.a(ns_usb.o)
                0x00025ab4                ns_usb_send_data
 .text.tud_cdc_n_available
                0x00025ae0       0x18 libs/ambiqsuite.a(cdc_device.o)
                0x00025ae0                tud_cdc_n_available
 .text.tud_cdc_n_read
                0x00025af8       0x7c libs/ambiqsuite.a(cdc_device.o)
                0x00025af8                tud_cdc_n_read
 .text.tud_cdc_n_read_flush
                0x00025b74       0x6c libs/ambiqsuite.a(cdc_device.o)
                0x00025b74                tud_cdc_n_read_flush
 .text.tud_cdc_n_write_flush
                0x00025be0       0x88 libs/ambiqsuite.a(cdc_device.o)
                0x00025be0                tud_cdc_n_write_flush
 .text.tud_cdc_n_write
                0x00025c68       0x3c libs/ambiqsuite.a(cdc_device.o)
                0x00025c68                tud_cdc_n_write
 .text.cdcd_init
                0x00025ca4       0x58 libs/ambiqsuite.a(cdc_device.o)
                0x00025ca4                cdcd_init
 .text.cdcd_reset
                0x00025cfc       0x2c libs/ambiqsuite.a(cdc_device.o)
                0x00025cfc                cdcd_reset
 .text.cdcd_open
                0x00025d28      0x100 libs/ambiqsuite.a(cdc_device.o)
                0x00025d28                cdcd_open
 .text.cdcd_control_xfer_cb
                0x00025e28       0xcc libs/ambiqsuite.a(cdc_device.o)
                0x00025e28                cdcd_control_xfer_cb
 .text.cdcd_xfer_cb
                0x00025ef4      0x13c libs/ambiqsuite.a(cdc_device.o)
                0x00025ef4                cdcd_xfer_cb
 .text.tusb_init
                0x00026030       0x1c libs/ambiqsuite.a(tusb.o)
                0x00026030                tusb_init
 .text.tusb_inited
                0x0002604c        0x4 libs/ambiqsuite.a(tusb.o)
                0x0002604c                tusb_inited
 .text.tu_edpt_validate
                0x00026050       0x68 libs/ambiqsuite.a(tusb.o)
                0x00026050                tu_edpt_validate
 .text.tu_edpt_bind_driver
                0x000260b8       0x58 libs/ambiqsuite.a(tusb.o)
                0x000260b8                tu_edpt_bind_driver
 .text.tu_fifo_config
                0x00026110       0x30 libs/ambiqsuite.a(tusb_fifo.o)
                0x00026110                tu_fifo_config
 .text.tu_fifo_count
                0x00026140       0x20 libs/ambiqsuite.a(tusb_fifo.o)
                0x00026140                tu_fifo_count
 .text.tu_fifo_empty
                0x00026160       0x14 libs/ambiqsuite.a(tusb_fifo.o)
                0x00026160                tu_fifo_empty
 .text.tu_fifo_remaining
                0x00026174       0x24 libs/ambiqsuite.a(tusb_fifo.o)
                0x00026174                tu_fifo_remaining
 .text.tu_fifo_read
                0x00026198       0x90 libs/ambiqsuite.a(tusb_fifo.o)
                0x00026198                tu_fifo_read
 .text.tu_fifo_read_n
                0x00026228       0xc8 libs/ambiqsuite.a(tusb_fifo.o)
                0x00026228                tu_fifo_read_n
 .text.tu_fifo_write
                0x000262f0       0x60 libs/ambiqsuite.a(tusb_fifo.o)
                0x000262f0                tu_fifo_write
 .text.tu_fifo_write_n
                0x00026350       0xdc libs/ambiqsuite.a(tusb_fifo.o)
                0x00026350                tu_fifo_write_n
 .text.tu_fifo_clear
                0x0002642c       0x18 libs/ambiqsuite.a(tusb_fifo.o)
                0x0002642c                tu_fifo_clear
 .text.tu_fifo_set_overwritable
                0x00026444        0x8 libs/ambiqsuite.a(tusb_fifo.o)
                0x00026444                tu_fifo_set_overwritable
 .text.tud_speed_get
                0x0002644c        0xc libs/ambiqsuite.a(usbd.o)
                0x0002644c                tud_speed_get
 .text.tud_mounted
                0x00026458       0x10 libs/ambiqsuite.a(usbd.o)
                0x00026458                tud_mounted
 .text.tud_suspended
                0x00026468       0x10 libs/ambiqsuite.a(usbd.o)
                0x00026468                tud_suspended
 .text.tud_inited
                0x00026478        0xc libs/ambiqsuite.a(usbd.o)
                0x00026478                tud_inited
 .text.tud_init
                0x00026484       0xb4 libs/ambiqsuite.a(usbd.o)
                0x00026484                tud_init
 .text.tud_task
                0x00026538      0x9b0 libs/ambiqsuite.a(usbd.o)
                0x00026538                tud_task
 .text.dcd_event_bus_signal
                0x00026ee8      0x11c libs/ambiqsuite.a(usbd.o)
                0x00026ee8                dcd_event_bus_signal
 .text.dcd_event_bus_reset
                0x00027004       0x70 libs/ambiqsuite.a(usbd.o)
                0x00027004                dcd_event_bus_reset
 .text.dcd_event_setup_received
                0x00027074       0x74 libs/ambiqsuite.a(usbd.o)
                0x00027074                dcd_event_setup_received
 .text.dcd_event_xfer_complete
                0x000270e8       0x74 libs/ambiqsuite.a(usbd.o)
                0x000270e8                dcd_event_xfer_complete
 .text.usbd_open_edpt_pair
                0x0002715c       0x98 libs/ambiqsuite.a(usbd.o)
                0x0002715c                usbd_open_edpt_pair
 .text.usbd_edpt_open
                0x000271f4       0x40 libs/ambiqsuite.a(usbd.o)
                0x000271f4                usbd_edpt_open
 .text.usbd_edpt_claim
                0x00027234       0x34 libs/ambiqsuite.a(usbd.o)
                0x00027234                usbd_edpt_claim
 .text.usbd_edpt_release
                0x00027268       0x38 libs/ambiqsuite.a(usbd.o)
                0x00027268                usbd_edpt_release
 .text.usbd_edpt_xfer
                0x000272a0       0x60 libs/ambiqsuite.a(usbd.o)
                0x000272a0                usbd_edpt_xfer
 .text.tud_control_status
                0x00027300       0x34 libs/ambiqsuite.a(usbd_control.o)
                0x00027300                tud_control_status
 .text.tud_control_xfer
                0x00027334       0x9c libs/ambiqsuite.a(usbd_control.o)
                0x00027334                tud_control_xfer
 .text.usbd_control_reset
                0x000273d0       0x14 libs/ambiqsuite.a(usbd_control.o)
                0x000273d0                usbd_control_reset
 .text.usbd_control_set_complete_callback
                0x000273e4        0xc libs/ambiqsuite.a(usbd_control.o)
                0x000273e4                usbd_control_set_complete_callback
 .text.usbd_control_set_request
                0x000273f0       0x18 libs/ambiqsuite.a(usbd_control.o)
                0x000273f0                usbd_control_set_request
 .text.usbd_control_xfer_cb
                0x00027408       0x84 libs/ambiqsuite.a(usbd_control.o)
                0x00027408                usbd_control_xfer_cb
 .text.dcd_usb_ep0_setup_callback
                0x0002748c        0xc libs/ambiqsuite.a(dcd_apollo4.o)
 .text.dcd_usb_ep_xfer_complete_callback
                0x00027498       0x48 libs/ambiqsuite.a(dcd_apollo4.o)
 .text.dcd_usb_dev_evt_callback
                0x000274e0       0x78 libs/ambiqsuite.a(dcd_apollo4.o)
 .text.dcd_init
                0x00027558       0x94 libs/ambiqsuite.a(dcd_apollo4.o)
                0x00027558                dcd_init
 .text.dcd_int_enable
                0x000275ec       0x14 libs/ambiqsuite.a(dcd_apollo4.o)
                0x000275ec                dcd_int_enable
 .text.dcd_int_disable
                0x00027600       0x18 libs/ambiqsuite.a(dcd_apollo4.o)
                0x00027600                dcd_int_disable
 .text.dcd_set_address
                0x00027618       0x2c libs/ambiqsuite.a(dcd_apollo4.o)
                0x00027618                dcd_set_address
 .text.dcd_edpt_open
                0x00027644       0x20 libs/ambiqsuite.a(dcd_apollo4.o)
                0x00027644                dcd_edpt_open
 .text.dcd_edpt_close_all
                0x00027664        0x4 libs/ambiqsuite.a(dcd_apollo4.o)
                0x00027664                dcd_edpt_close_all
 .text.dcd_edpt_xfer
                0x00027668       0x18 libs/ambiqsuite.a(dcd_apollo4.o)
                0x00027668                dcd_edpt_xfer
 .text.dcd_edpt_stall
                0x00027680        0xc libs/ambiqsuite.a(dcd_apollo4.o)
                0x00027680                dcd_edpt_stall
 .text.dcd_edpt_clear_stall
                0x0002768c        0xc libs/ambiqsuite.a(dcd_apollo4.o)
                0x0002768c                dcd_edpt_clear_stall
 .text.am_usb_isr
                0x00027698       0x28 libs/ambiqsuite.a(dcd_apollo4.o)
                0x00027698                am_usb_isr
 .text.tud_descriptor_device_cb
                0x000276c0        0x8 libs/ambiqsuite.a(usb_descriptors.o)
                0x000276c0                tud_descriptor_device_cb
 .text.tud_descriptor_configuration_cb
                0x000276c8       0x1c libs/ambiqsuite.a(usb_descriptors.o)
                0x000276c8                tud_descriptor_configuration_cb
 .text.tud_descriptor_string_cb
                0x000276e4       0x70 libs/ambiqsuite.a(usb_descriptors.o)
                0x000276e4                tud_descriptor_string_cb
 .text.am_hal_usb_initialize
                0x00027754       0x44 libs/ambiqsuite.a(am_hal_usb.o)
                0x00027754                am_hal_usb_initialize
 .text.am_hal_usb_power_control
                0x00027798      0x234 libs/ambiqsuite.a(am_hal_usb.o)
                0x00027798                am_hal_usb_power_control
 .text.am_hal_usb_set_addr
                0x000279cc       0x30 libs/ambiqsuite.a(am_hal_usb.o)
                0x000279cc                am_hal_usb_set_addr
 .text.am_hal_usb_set_dev_state
                0x000279fc       0x3c libs/ambiqsuite.a(am_hal_usb.o)
                0x000279fc                am_hal_usb_set_dev_state
 .text.am_hal_usb_attach
                0x00027a38       0x28 libs/ambiqsuite.a(am_hal_usb.o)
                0x00027a38                am_hal_usb_attach
 .text.am_hal_usb_ep_stall
                0x00027a60       0x7c libs/ambiqsuite.a(am_hal_usb.o)
                0x00027a60                am_hal_usb_ep_stall
 .text.am_hal_usb_ep_clear_stall
                0x00027adc       0x84 libs/ambiqsuite.a(am_hal_usb.o)
                0x00027adc                am_hal_usb_ep_clear_stall
 .text.am_hal_usb_ep_init
                0x00027b60      0x180 libs/ambiqsuite.a(am_hal_usb.o)
                0x00027b60                am_hal_usb_ep_init
 .text.am_hal_usb_ep_xfer
                0x00027ce0      0x340 libs/ambiqsuite.a(am_hal_usb.o)
                0x00027ce0                am_hal_usb_ep_xfer
 .text.am_hal_usb_intr_status_get
                0x00028020       0x48 libs/ambiqsuite.a(am_hal_usb.o)
                0x00028020                am_hal_usb_intr_status_get
 .text.am_hal_usb_intr_usb_enable
                0x00028068       0x30 libs/ambiqsuite.a(am_hal_usb.o)
                0x00028068                am_hal_usb_intr_usb_enable
 .text.am_hal_usb_register_dev_evt_callback
                0x00028098       0x24 libs/ambiqsuite.a(am_hal_usb.o)
                0x00028098                am_hal_usb_register_dev_evt_callback
 .text.am_hal_usb_register_ep0_setup_received_callback
                0x000280bc       0x24 libs/ambiqsuite.a(am_hal_usb.o)
                0x000280bc                am_hal_usb_register_ep0_setup_received_callback
 .text.am_hal_usb_register_ep_xfer_complete_callback
                0x000280e0       0x24 libs/ambiqsuite.a(am_hal_usb.o)
                0x000280e0                am_hal_usb_register_ep_xfer_complete_callback
 .text.am_hal_usb_interrupt_service
                0x00028104      0x834 libs/ambiqsuite.a(am_hal_usb.o)
                0x00028104                am_hal_usb_interrupt_service
 .text.am_hal_rtc_osc_disable
                0x00028938       0x14 libs/libam_hal.a(am_hal_rtc.o)
                0x00028938                am_hal_rtc_osc_disable
 .text.nonblocking_write_sm
                0x0002894c      0x10c libs/libam_hal.a(am_hal_uart.o)
 .text.nonblocking_read_sm
                0x00028a58       0xfc libs/libam_hal.a(am_hal_uart.o)
 .text.am_hal_uart_initialize
                0x00028b54       0x70 libs/libam_hal.a(am_hal_uart.o)
                0x00028b54                am_hal_uart_initialize
 .text.am_hal_uart_deinitialize
                0x00028bc4       0x28 libs/libam_hal.a(am_hal_uart.o)
                0x00028bc4                am_hal_uart_deinitialize
 .text.am_hal_uart_power_control
                0x00028bec       0xb8 libs/libam_hal.a(am_hal_uart.o)
                0x00028bec                am_hal_uart_power_control
 .text.am_hal_uart_configure
                0x00028ca4      0x158 libs/libam_hal.a(am_hal_uart.o)
                0x00028ca4                am_hal_uart_configure
 .text.am_hal_uart_transfer
                0x00028dfc      0x24c libs/libam_hal.a(am_hal_uart.o)
                0x00028dfc                am_hal_uart_transfer
 .text.am_hal_uart_tx_flush
                0x00029048       0x98 libs/libam_hal.a(am_hal_uart.o)
                0x00029048                am_hal_uart_tx_flush
 .text.am_hal_dcu_get
                0x000290e0       0x90 libs/libam_hal.a(am_hal_dcu.o)
                0x000290e0                am_hal_dcu_get
 .text.am_hal_dcu_update
                0x00029170       0xb0 libs/libam_hal.a(am_hal_dcu.o)
                0x00029170                am_hal_dcu_update
 .text.am_hal_queue_item_add
                0x00029220       0x80 libs/libam_hal.a(am_hal_queue.o)
                0x00029220                am_hal_queue_item_add
 .text.am_hal_queue_item_get
                0x000292a0       0x7c libs/libam_hal.a(am_hal_queue.o)
                0x000292a0                am_hal_queue_item_get
 .text.abort    0x0002931c       0x10 c:/program files (x86)/gnu arm embedded toolchain/10 2021.10/bin/../lib/gcc/arm-none-eabi/10.3.1/../../../../arm-none-eabi/lib/thumb/v7e-m+fp/hard\libc.a(lib_a-abort.o)
                0x0002931c                abort
 .text.raise    0x0002932c       0x5c c:/program files (x86)/gnu arm embedded toolchain/10 2021.10/bin/../lib/gcc/arm-none-eabi/10.3.1/../../../../arm-none-eabi/lib/thumb/v7e-m+fp/hard\libc.a(lib_a-signal.o)
                0x0002932c                raise
 .text._kill_r  0x00029388       0x2c c:/program files (x86)/gnu arm embedded toolchain/10 2021.10/bin/../lib/gcc/arm-none-eabi/10.3.1/../../../../arm-none-eabi/lib/thumb/v7e-m+fp/hard\libc.a(lib_a-signalr.o)
                0x00029388                _kill_r
 .text._getpid_r
                0x000293b4        0x4 c:/program files (x86)/gnu arm embedded toolchain/10 2021.10/bin/../lib/gcc/arm-none-eabi/10.3.1/../../../../arm-none-eabi/lib/thumb/v7e-m+fp/hard\libc.a(lib_a-signalr.o)
                0x000293b4                _getpid_r
 .text._getpid  0x000293b8       0x10 c:/program files (x86)/gnu arm embedded toolchain/10 2021.10/bin/../lib/gcc/arm-none-eabi/10.3.1/../../../../arm-none-eabi/lib/thumb/v7e-m+fp/hard\libnosys.a(getpid.o)
                0x000293b8                _getpid
 .text._kill    0x000293c8       0x10 c:/program files (x86)/gnu arm embedded toolchain/10 2021.10/bin/../lib/gcc/arm-none-eabi/10.3.1/../../../../arm-none-eabi/lib/thumb/v7e-m+fp/hard\libnosys.a(kill.o)
                0x000293c8                _kill
 .text._exit    0x000293d8        0x4 c:/program files (x86)/gnu arm embedded toolchain/10 2021.10/bin/../lib/gcc/arm-none-eabi/10.3.1/../../../../arm-none-eabi/lib/thumb/v7e-m+fp/hard\libnosys.a(_exit.o)
                0x000293d8                _exit
 *(.rodata)
 .rodata        0x000293dc      0x279 build/src/main_se.o
 *fill*         0x00029655        0x3 
 .rodata        0x00029658        0xe libs/ns-peripherals.a(ns_power.o)
 *fill*         0x00029666        0x2 
 .rodata        0x00029668        0x7 libs/ns-peripherals.a(ns_tempco.o)
 *fill*         0x0002966f        0x1 
 .rodata        0x00029670       0x10 libs/ns-audio.a(ns_audadc.o)
 *(.rodata*)
 .rodata.feature_mean_se
                0x00029680      0x120 build/src/def_nn3_se_new.o
                0x00029680                feature_mean_se
 .rodata.feature_stdR_se
                0x000297a0      0x120 build/src/def_nn3_se_new.o
                0x000297a0                feature_stdR_se
 .rodata.se_kernel0
                0x000298c0     0x7980 build/src/def_nn3_se_new.o
                0x000298c0                se_kernel0
 .rodata.se_bias0
                0x00031240       0x90 build/src/def_nn3_se_new.o
                0x00031240                se_bias0
 .rodata.se_kernel1
                0x000312d0     0x5100 build/src/def_nn3_se_new.o
                0x000312d0                se_kernel1
 .rodata.se_kernel_rec1
                0x000363d0     0x5100 build/src/def_nn3_se_new.o
                0x000363d0                se_kernel_rec1
 .rodata.se_bias1
                0x0003b4d0      0x240 build/src/def_nn3_se_new.o
                0x0003b4d0                se_bias1
 .rodata.se_kernel2
                0x0003b710     0x1440 build/src/def_nn3_se_new.o
                0x0003b710                se_kernel2
 .rodata.se_bias2
                0x0003cb50       0x90 build/src/def_nn3_se_new.o
                0x0003cb50                se_bias2
 .rodata.se_kernel3
                0x0003cbe0     0x1440 build/src/def_nn3_se_new.o
                0x0003cbe0                se_kernel3
 .rodata.se_bias3
                0x0003e020       0x90 build/src/def_nn3_se_new.o
                0x0003e020                se_bias3
 .rodata.se_kernel4
                0x0003e0b0     0x4848 build/src/def_nn3_se_new.o
                0x0003e0b0                se_kernel4
 .rodata.se_bias4
                0x000428f8      0x202 build/src/def_nn3_se_new.o
                0x000428f8                se_bias4
 *fill*         0x00042afa        0x2 
 .rodata.stft_win_coeff_w480_h160
                0x00042afc      0x3c0 libs/ns-nnsp.a(window_stft_coef_w480_h160.o)
                0x00042afc                stft_win_coeff_w480_h160
 .rodata.mfltrBank_coeff_nfilt22_fftsize256
                0x00042ebc      0x212 libs/ns-nnsp.a(melSpec_coeff_nfilt22_fftsize256.o)
                0x00042ebc                mfltrBank_coeff_nfilt22_fftsize256
 *fill*         0x000430ce        0x2 
 .rodata.mfltrBank_coeff_nfilt72_fftsize512
                0x000430d0      0x480 libs/ns-nnsp.a(melSpec_coeff_nfilt72_fftsize512.o)
                0x000430d0                mfltrBank_coeff_nfilt72_fftsize512
 .rodata.log_tayler_coeff